Microchip Technology Inc, v2.10 (B)

Tool Name:
  c:\program files\microchip\xc16\v2.10\bin\bin\..\bin/elf-ld.exe

Command:
  -TC:\\Users\\seand\\AppData\\Local\\Temp\\tmp0000176c.00 \
  -TC:\\Users\\seand\\AppData\\Local\\Temp\\tmp0000176c.01 \
  -TC:\\Users\\seand\\AppData\\Local\\Temp\\tmp0000176c.02 \
  -TC:\\Users\\seand\\AppData\\Local\\Temp\\tmp0000176c.03 \
  -TC:\\Users\\seand\\AppData\\Local\\Temp\\tmp0000176c.04 \
  -TC:\\Users\\seand\\AppData\\Local\\Temp\\tmp0000176c.05 \
  -TC:\\Users\\seand\\AppData\\Local\\Temp\\tmp0000176c.06 \
  -p24FJ128GA202 \
  --mdfp=C:/Program Files/Microchip/MPLABX/v6.25/packs/Microchip/PIC24F-GA-GB_DFP/1.10.375/xc16 \
  -o \
  dist/default/debug/rtos_ga202.X.debug.elf \
  -Lc:/program files/microchip/xc16/v2.10/bin/bin/.. \
  -LC:/Program Files/Microchip/MPLABX/v6.25/packs/Microchip/PIC24F-GA-GB_DFP/1.10.375/xc16/bin/../support/PIC24F/gld \
  -Lc:/program files/microchip/xc16/v2.10/bin/bin/../../lib \
  -Lc:/program files/microchip/xc16/v2.10/bin/bin/../../support/PIC24E/gld \
  -Lc:/program files/microchip/xc16/v2.10/bin/bin/../../support/PIC24F/gld \
  -Lc:/program files/microchip/xc16/v2.10/bin/bin/../../support/PIC24H/gld \
  -Lc:/program files/microchip/xc16/v2.10/bin/bin/../../support/dsPIC30F/gld \
  -Lc:/program files/microchip/xc16/v2.10/bin/bin/../../support/dsPIC33C/gld \
  -Lc:/program files/microchip/xc16/v2.10/bin/bin/../../support/dsPIC33E/gld \
  -Lc:/program files/microchip/xc16/v2.10/bin/bin/../../support/dsPIC33F/gld \
  build/default/debug/src/app/taskBQ76920.o \
  build/default/debug/FreeRTOS/Source/croutine.o \
  build/default/debug/FreeRTOS/Source/event_groups.o \
  build/default/debug/FreeRTOS/Source/list.o \
  build/default/debug/FreeRTOS/Source/queue.o \
  build/default/debug/FreeRTOS/Source/stream_buffer.o \
  build/default/debug/FreeRTOS/Source/tasks.o \
  build/default/debug/FreeRTOS/Source/timers.o \
  build/default/debug/FreeRTOS/Source/portable/GCC/MemMang/heap_4.o \
  build/default/debug/FreeRTOS/Source/portable/MPLAB/PIC24_dsPIC/port.o \
  build/default/debug/FreeRTOS/Source/portable/MPLAB/PIC24_dsPIC/portasm_PIC24.o \
  build/default/debug/FreeRTOS/Source/portable/MPLAB/PIC24_dsPIC/portasm_dsPIC.o \
  build/default/debug/mcc_generated_files/traps.o \
  build/default/debug/mcc_generated_files/pin_manager.o \
  build/default/debug/mcc_generated_files/system.o \
  build/default/debug/mcc_generated_files/clock.o \
  build/default/debug/mcc_generated_files/mcc.o \
  build/default/debug/mcc_generated_files/interrupt_manager.o \
  build/default/debug/mcc_generated_files/uart1.o \
  build/default/debug/mcc_generated_files/i2c1.o \
  build/default/debug/src/main.o \
  build/default/debug/src/rtos_hooks.o \
  --local-stack \
  --defsym=__MPLAB_BUILD=1 \
  --defsym=__MPLAB_DEBUG=1 \
  --defsym=__DEBUG=1 \
  -Tp24FJ128GA202.gld.07 \
  --stack=16 \
  --check-sections \
  --data-init \
  --pack-data \
  --handles \
  --isr \
  --no-gc-sections \
  --fill-upper=0 \
  --stackguard=16 \
  --no-force-link \
  --smart-io \
  -Map=dist/default/debug/rtos_ga202.X.debug.map \
  --report-mem \
  --memorysummary \
  dist/default/debug/memoryfile.xml \
  -start-group \
  --library=c99-pic30-elf \
  --library=m-elf \
  --library=c99-elf \
  -end-group \


Optional library libpPIC24Fxxx.a not found
Archive member included because of file (symbol)

c:/program files/microchip/xc16/v2.10/bin/bin/../../lib\libc99-pic30-elf.a(crt0_extended24.o)
                              (__resetPRI)
c:/program files/microchip/xc16/v2.10/bin/bin/../../lib\libc99-pic30-elf.a(data_init_24.o)
                              c:/program files/microchip/xc16/v2.10/bin/bin/../../lib\libc99-pic30-elf.a(crt0_extended24.o) (__data_init_da)
c:/program files/microchip/xc16/v2.10/bin/bin/../../lib\libc99-pic30-elf.a(crt_start_mode_normalda.Meo)
                              (__crt_start_mode_normal)
c:/program files/microchip/xc16/v2.10/bin/bin/../../lib\libc99-pic30-elf.a(feqltle.DA_o)
                              build/default/debug/src/app/taskBQ76920.o (___ltsf2)
c:/program files/microchip/xc16/v2.10/bin/bin/../../lib\libc99-pic30-elf.a(fgtge.DA_o)
                              build/default/debug/src/app/taskBQ76920.o (___gtsf2)
c:/program files/microchip/xc16/v2.10/bin/bin/../../lib\libc99-pic30-elf.a(fixunssfsi.DA_o)
                              build/default/debug/src/app/taskBQ76920.o (___fixunssfsi)
c:/program files/microchip/xc16/v2.10/bin/bin/../../lib\libc99-pic30-elf.a(floatsisf.DA_o)
                              build/default/debug/src/app/taskBQ76920.o (___floatsisf)
c:/program files/microchip/xc16/v2.10/bin/bin/../../lib\libc99-pic30-elf.a(floatunsisf.DA_o)
                              build/default/debug/src/app/taskBQ76920.o (___floatunsisf)
c:/program files/microchip/xc16/v2.10/bin/bin/../../lib\libc99-pic30-elf.a(funpack.DA_o)
                              c:/program files/microchip/xc16/v2.10/bin/bin/../../lib\libc99-pic30-elf.a(fixunssfsi.DA_o) (__funpack)
[...]
Memory Configuration

Name             Origin             Length             Attributes
data             0x000800           0x002000           a !xr
reset            0x000000           0x000004  
ivt              0x000004           0x0000fc  
_reserved        0x000100           0x000004  
aivt             0x000104           0x0000fc  
program          0x000200           0x0155f8           xr
CONFIG4          0x0157f8           0x000002  
CONFIG3          0x0157fa           0x000002  
CONFIG2          0x0157fc           0x000002  
CONFIG1          0x0157fe           0x000002  
*default*        0x000000           0xffffffff  

Linker script and memory map


reserve_data_0x800
                    0x0800         0x1c
                    0x081c                  . = 0x1c
 *fill*             0x0800         0x1c00

reserve_data_0x81c
                    0x081c          0x2
                    0x081e                  . = 0x2
 *fill*             0x081c          0x200

reserve_data_0x81e
                    0x081e          0x2
                    0x0820                  . = 0x2
 *fill*             0x081e          0x200

reserve_data_0x820
                    0x0820          0x2
                    0x0822                  . = 0x2
 *fill*             0x0820          0x200

reserve_data_0x822
                    0x0822          0x2
                    0x0824                  . = 0x2
 *fill*             0x0822          0x200

reserve_data_0x824
                    0x0824          0x4
                    0x0828                  . = 0x4
 *fill*             0x0824          0x400

reserve_data_0x82a
                    0x082a         0x26
                    0x0850                  . = 0x26
 *fill*             0x082a         0x2600
LOAD build/default/debug/src/app/taskBQ76920.o
LOAD build/default/debug/FreeRTOS/Source/croutine.o
LOAD build/default/debug/FreeRTOS/Source/event_groups.o
LOAD build/default/debug/FreeRTOS/Source/list.o
LOAD build/default/debug/FreeRTOS/Source/queue.o
LOAD build/default/debug/FreeRTOS/Source/stream_buffer.o
LOAD build/default/debug/FreeRTOS/Source/tasks.o
LOAD build/default/debug/FreeRTOS/Source/timers.o
LOAD build/default/debug/FreeRTOS/Source/portable/GCC/MemMang/heap_4.o
LOAD build/default/debug/FreeRTOS/Source/portable/MPLAB/PIC24_dsPIC/port.o
LOAD build/default/debug/FreeRTOS/Source/portable/MPLAB/PIC24_dsPIC/portasm_PIC24.o
LOAD build/default/debug/FreeRTOS/Source/portable/MPLAB/PIC24_dsPIC/portasm_dsPIC.o
LOAD build/default/debug/mcc_generated_files/traps.o
LOAD build/default/debug/mcc_generated_files/pin_manager.o
LOAD build/default/debug/mcc_generated_files/system.o
LOAD build/default/debug/mcc_generated_files/clock.o
LOAD build/default/debug/mcc_generated_files/mcc.o
LOAD build/default/debug/mcc_generated_files/interrupt_manager.o
LOAD build/default/debug/mcc_generated_files/uart1.o
LOAD build/default/debug/mcc_generated_files/i2c1.o
LOAD build/default/debug/src/main.o
LOAD build/default/debug/src/rtos_hooks.o
                    0x0001                  __MPLAB_BUILD = 0x1
                    0x0001                  __MPLAB_DEBUG = 0x1
                    0x0001                  __DEBUG = 0x1
LOAD pPIC24Fxxx
LOAD c:/program files/microchip/xc16/v2.10/bin/bin/../../lib\libfx-elf.a
                    0x157f8                  __CONFIG4 = 0x157f8
                    0x157fa                  __CONFIG3 = 0x157fa
                    0x157fc                  __CONFIG2 = 0x157fc
                    0x157fe                  __CONFIG1 = 0x157fe
                    0x0200                  __CODE_BASE = 0x200
                    0x155f8                  __CODE_LENGTH = 0x155f8
                    0x0004                  __IVT_BASE = 0x4
                    0x0104                  __AIVT_BASE = 0x104
                    0x0800                  __DATA_BASE = 0x800
                    0x2000                  __DATA_LENGTH = 0x2000

.reset            0x000000          0x4
                  0x000000          0x2 SHORT 0x200 ABSOLUTE (__reset)
                  0x000001          0x2 SHORT 0x4
                  0x000002          0x2 SHORT 0x0 ((ABSOLUTE (__reset) >> 0x10) & 0x7f)
                  0x000003          0x2 SHORT 0x0

.text             0x000200       0x371c
 *(.init)
 .init            0x000200         0x4c c:/program files/microchip/xc16/v2.10/bin/bin/../../lib\libc99-pic30-elf.a(crt0_extended24.o)
                  0x000200                  __resetPRI
                  0x000200                  __reset
                  0x00023c                  __psv_init
 .init            0x00024c         0xb8 c:/program files/microchip/xc16/v2.10/bin/bin/../../lib\libc99-pic30-elf.a(data_init_24.o)
                  0x000252                  __data_init
                  0x000252                  __data_init_da
 *(.user_init)
 *(.handle)
 .handle          0x000304         0x10 jump_table
 *(.isr*)
 .isr.text        0x000314         0x38 build/default/debug/FreeRTOS/Source/portable/MPLAB/PIC24_dsPIC/port.o
                  0x000314                  __T1Interrupt
 .isr.text        0x00034c         0x82 build/default/debug/mcc_generated_files/traps.o
                  0x00034c                  __OscillatorFail
                  0x00036c                  __StackError
                  0x00038e                  __AddressError
                  0x0003ae                  __MathError
 .isr.text        0x0003ce        0x250 build/default/debug/mcc_generated_files/i2c1.o
                  0x0003ce                  __MI2C1Interrupt
 .isr             0x00061e          0x4 default_isr
                  0x00061e                  __DefaultInterrupt
 *(.libc)
 *(.libm)
 *(.libdsp)
 *(.lib*)
 .libpic30_crt_start_mode
                  0x000622          0x2 c:/program files/microchip/xc16/v2.10/bin/bin/../../lib\libc99-pic30-elf.a(crt_start_mode_normalda.Meo)
                  0x000622                  __crt_start_mode
                  0x000622                  __crt_start_mode_normal
 .libm.eqsf2      0x000624          0x4 c:/program files/microchip/xc16/v2.10/bin/bin/../../lib\libc99-pic30-elf.a(feqltle.DA_o)
                  0x000624                  ___eqsf2
                  0x000624                  ___ltsf2
                  0x000624                  ___lesf2
 .libm.gtsf2      0x000628          0x4 c:/program files/microchip/xc16/v2.10/bin/bin/../../lib\libc99-pic30-elf.a(fgtge.DA_o)
                  0x000628                  ___gesf2
                  0x000628                  ___gtsf2
 .libm.fixunssfsi
                  0x00062c         0x36 c:/program files/microchip/xc16/v2.10/bin/bin/../../lib\libc99-pic30-elf.a(fixunssfsi.DA_o)
                  0x00062c                  ___fixunssfsi
 .libm.floatsisf
                  0x000662          0x6 c:/program files/microchip/xc16/v2.10/bin/bin/../../lib\libc99-pic30-elf.a(floatsisf.DA_o)
                  0x000662                  ___floatsisf
 .libm.floatunsisf
                  0x000668          0x4 c:/program files/microchip/xc16/v2.10/bin/bin/../../lib\libc99-pic30-elf.a(floatunsisf.DA_o)
                  0x000668                  ___floatunsisf
 .libm.funpack    0x00066c         0x2a c:/program files/microchip/xc16/v2.10/bin/bin/../../lib\libc99-pic30-elf.a(funpack.DA_o)
                  0x00066c                  __funpack
 .libm.udivsi3    0x000696         0x20 c:/program files/microchip/xc16/v2.10/bin/bin/../../lib\libc99-pic30-elf.a(udivsi3.DA_o)
                  0x000696                  ___udivsi3
 .libmx           0x0006b6        0x1dc c:/program files/microchip/xc16/v2.10/bin/bin/../../lib\libc99-pic30-elf.a(addsf3x.DA_o)
                  0x0006b6                  ___subsf3x
                  0x0006b6                  ___subsf3
                  0x0006c8                  ___addsf3x
                  0x0006c8                  ___addsf3
 .libmx           0x000892        0x1be c:/program files/microchip/xc16/v2.10/bin/bin/../../lib\libc99-pic30-elf.a(divsf3x.DA_o)
                  0x000892                  ___divsf3x
                  0x000892                  ___divsf3
                  0x000a24                  __sdivf
 .libmx           0x000a50        0x10c c:/program files/microchip/xc16/v2.10/bin/bin/../../lib\libc99-pic30-elf.a(mulsf3x.DA_o)
                  0x000a50                  ___mulsf3x
                  0x000a50                  ___mulsf3
 .libmx           0x000b5c         0x54 c:/program files/microchip/xc16/v2.10/bin/bin/../../lib\libc99-pic30-elf.a(dnrmpackfx.DA_o)
                  0x000b5c                  __dnrmpackf
 .libmx           0x000bb0         0x5e c:/program files/microchip/xc16/v2.10/bin/bin/../../lib\libc99-pic30-elf.a(unpackdnrmfx.DA_o)
                  0x000bb0                  __unpackdnrmf
 .libmx           0x000c0e         0x34 c:/program files/microchip/xc16/v2.10/bin/bin/../../lib\libc99-pic30-elf.a(typefx.DA_o)
                  0x000c0e                  __typef
 .libmx           0x000c42         0x12 c:/program files/microchip/xc16/v2.10/bin/bin/../../lib\libc99-pic30-elf.a(propnanfx.DA_o)
                  0x000c42                  __propnanf
 .libmx           0x000c54         0xa6 c:/program files/microchip/xc16/v2.10/bin/bin/../../lib\libc99-pic30-elf.a(spackfx.DA_o)
                  0x000c54                  __spackf
 .libmx           0x000cfa         0x66 c:/program files/microchip/xc16/v2.10/bin/bin/../../lib\libc99-pic30-elf.a(unpackfx.DA_o)
                  0x000cfa                  __unpackf
 .libm.fcompare
                  0x000d60         0x36 c:/program files/microchip/xc16/v2.10/bin/bin/../../lib\libc99-pic30-elf.a(fcompare.DA_o)
                  0x000d60                  __fcompare
 .libm.floatdisf
                  0x000d96         0x20 c:/program files/microchip/xc16/v2.10/bin/bin/../../lib\libc99-pic30-elf.a(floatdisf.DA_o)
                  0x000d96                  ___floatdisf
 .libm.floatundisf
                  0x000db6         0x5e c:/program files/microchip/xc16/v2.10/bin/bin/../../lib\libc99-pic30-elf.a(floatundisf.DA_o)
                  0x000db6                  ___floatundisf
 .libm.fpack      0x000e14         0x4c c:/program files/microchip/xc16/v2.10/bin/bin/../../lib\libc99-pic30-elf.a(fpack.DA_o)
                  0x000e14                  __fpack
 .libm.funpack2
                  0x000e60         0x10 c:/program files/microchip/xc16/v2.10/bin/bin/../../lib\libc99-pic30-elf.a(funpack2.DA_o)
                  0x000e60                  __funpack2
 .libc.logf       0x000e70        0x146 c:/program files/microchip/xc16/v2.10/bin/bin/../../lib\libm-elf.a(logf.DA_o)
                  0x000e70                  _logf
 .libc.__wrap_snprintf
                  0x000fb6          0xc c:/program files/microchip/xc16/v2.10/bin/bin/../../lib\libc99-elf.a(__sio_snprintf_dfoux.DA_o)
                  0x000fb6                  __dsnprintf_cdeEfFgGnopuxX
                  0x000fb6                  __snprintf_cdfFgGnopuxX
                  0x000fb6                  __snprintf_cdeEgGnopuxX
                  0x000fb6                  __snprintf_cdfFnopuxX
                  0x000fb6                  __dsnprintf_cdfFgGnopuxX
                  0x000fb6                  __snprintf_cdgGnopuxX
                  0x000fb6                  __dsnprintf_cdfFnopuxX
                  0x000fb6                  __dsnprintf_cdeEgGnopuxX
                  0x000fb6                  __dsnprintf_cdeEfFnopuxX
                  0x000fb6                  __dsnprintf_cdgGnopuxX
                  0x000fb6                  __snprintf_cdeEfFnopuxX
                  0x000fb6                  __snprintf_cdeEnopuxX
                  0x000fb6                  __snprintf_cdeEfFgGnopuxX
                  0x000fb6                  __dsnprintf_cdeEnopuxX
 .libc.__sio_snprintf_dfoux
                  0x000fc2         0x12 c:/program files/microchip/xc16/v2.10/bin/bin/../../lib\libc99-elf.a(__sio_snprintf_dfoux.DA_o)
                  0x000fc2                  ___sio_snprintf_dfoux
 .libc.__wrap_sprintf
                  0x000fd4          0xc c:/program files/microchip/xc16/v2.10/bin/bin/../../lib\libc99-elf.a(__sio_sprintf_dfoux.DA_o)
                  0x000fd4                  __dsprintf_cdeEgGnopuxX
                  0x000fd4                  __sprintf_cdeEgGnopuxX
                  0x000fd4                  __sprintf_cdfFnopuxX
                  0x000fd4                  __dsprintf_cdgGnopuxX
                  0x000fd4                  __dsprintf_cdeEfFnopuxX
                  0x000fd4                  __dsprintf_cdeEfFgGnopuxX
                  0x000fd4                  __dsprintf_cdeEnopuxX
                  0x000fd4                  __sprintf_cdeEnopuxX
                  0x000fd4                  __dsprintf_cdfFgGnopuxX
                  0x000fd4                  __sprintf_cdfFgGnopuxX
                  0x000fd4                  __sprintf_cdeEfFgGnopuxX
                  0x000fd4                  __dsprintf_cdfFnopuxX
                  0x000fd4                  __sprintf_cdgGnopuxX
                  0x000fd4                  __sprintf_cdeEfFnopuxX
 .libc.__sio_sprintf_dfoux
                  0x000fe0         0x12 c:/program files/microchip/xc16/v2.10/bin/bin/../../lib\libc99-elf.a(__sio_sprintf_dfoux.DA_o)
                  0x000fe0                  ___sio_sprintf_dfoux
 .libc.__wrap_sprintf
                  0x000ff2          0xc c:/program files/microchip/xc16/v2.10/bin/bin/../../lib\libc99-elf.a(__sio_sprintf_doux.DA_o)
                  0x000ff2                  __sprintf_cdnopuxX
                  0x000ff2                  __dsprintf_cdnopuxX
 .libc.__sio_sprintf_doux
                  0x000ffe          0xe c:/program files/microchip/xc16/v2.10/bin/bin/../../lib\libc99-elf.a(__sio_sprintf_doux.DA_o)
                  0x000ffe                  ___sio_sprintf_doux
 .libc.memcmp     0x00100c         0x1c c:/program files/microchip/xc16/v2.10/bin/bin/../../lib\libc99-elf.a(memcmp.DA_o)
                  0x00100c                  _memcmp
 .libc.memcpy     0x001028          0xe c:/program files/microchip/xc16/v2.10/bin/bin/../../lib\libc99-elf.a(memcpy.DA_o)
                  0x001028                  _memcpy
 .libc.memset     0x001036         0xc8 c:/program files/microchip/xc16/v2.10/bin/bin/../../lib\libc99-elf.a(memset.DA_o)
                  0x001036                  _memset
 .libc.sprintf    0x0010fe          0xc c:/program files/microchip/xc16/v2.10/bin/bin/../../lib\libc99-elf.a(sprintf.DA_o)
                  0x0010fe                  _sprintf
 .libc.strcmp     0x00110a         0x16 c:/program files/microchip/xc16/v2.10/bin/bin/../../lib\libc99-elf.a(strcmp.DA_o)
                  0x00110a                  _strcmp
 .libc.strncpy    0x001120          0xe c:/program files/microchip/xc16/v2.10/bin/bin/../../lib\libc99-elf.a(strncpy.DA_o)
                  0x001120                  _strncpy
 .libc.strtok     0x00112e         0x3a c:/program files/microchip/xc16/v2.10/bin/bin/../../lib\libc99-elf.a(strtok.DA_o)
                  0x00112e                  _strtok
 .libc.strtox     0x001168         0x52 c:/program files/microchip/xc16/v2.10/bin/bin/../../lib\libc99-elf.a(strtol.DA_o)
 .libc.strtoull
                  0x0011ba          0x8 c:/program files/microchip/xc16/v2.10/bin/bin/../../lib\libc99-elf.a(strtol.DA_o)
                  0x0011ba                  ___strtoull_internal
                  0x0011ba                  _strtoull
 .libc.strtoll    0x0011c2          0x8 c:/program files/microchip/xc16/v2.10/bin/bin/../../lib\libc99-elf.a(strtol.DA_o)
                  0x0011c2                  _strtoll
                  0x0011c2                  ___strtoll_internal
 .libc.strtoul    0x0011ca          0x8 c:/program files/microchip/xc16/v2.10/bin/bin/../../lib\libc99-elf.a(strtol.DA_o)
                  0x0011ca                  _strtoul
                  0x0011ca                  ___strtoul_internal
 .libc.strtol     0x0011d2          0x8 c:/program files/microchip/xc16/v2.10/bin/bin/../../lib\libc99-elf.a(strtol.DA_o)
                  0x0011d2                  _strtol
                  0x0011d2                  ___strtol_internal
 .libc.strtoimax
                  0x0011da          0x2 c:/program files/microchip/xc16/v2.10/bin/bin/../../lib\libc99-elf.a(strtol.DA_o)
                  0x0011da                  ___strtoimax_internal
                  0x0011da                  _strtoimax
 .libc.strtoumax
                  0x0011dc          0x2 c:/program files/microchip/xc16/v2.10/bin/bin/../../lib\libc99-elf.a(strtol.DA_o)
                  0x0011dc                  _strtoumax
                  0x0011dc                  ___strtoumax_internal
 .libc.vsprintf
                  0x0011de          0x8 c:/program files/microchip/xc16/v2.10/bin/bin/../../lib\libc99-elf.a(vsprintf.DA_o)
                  0x0011de                  _vsprintf
 .libc.__fmt_d    0x0011e6         0xb2 c:/program files/microchip/xc16/v2.10/bin/bin/../../lib\libc99-elf.a(__fmt_d.DA_o)
                  0x0011e6                  ___fmt_d
                  0x0011e6                  ___fmt_d_needed
 .libc.__LONG_DOUBLE_BITS
                  0x001298          0x2 c:/program files/microchip/xc16/v2.10/bin/bin/../../lib\libc99-elf.a(__fmt_fp.DA_o)
 .libc.__fmt_fp
                  0x00129a        0x5b6 c:/program files/microchip/xc16/v2.10/bin/bin/../../lib\libc99-elf.a(__fmt_fp.DA_o)
                  0x00129a                  ___fmt_f_needed
                  0x00129a                  ___fmt_fp
 .libc.__fmt_o    0x001850         0x6a c:/program files/microchip/xc16/v2.10/bin/bin/../../lib\libc99-elf.a(__fmt_o.DA_o)
                  0x001850                  ___fmt_o
                  0x001850                  ___fmt_o_needed
 .libc.__fmt_s    0x0018ba         0x54 c:/program files/microchip/xc16/v2.10/bin/bin/../../lib\libc99-elf.a(__fmt_s.DA_o)
                  0x0018ba                  ___fmt_0_needed
                  0x0018ba                  ___fmt_s_needed
                  0x0018ba                  ___fmt_s
 .libc.__cvt_u    0x00190e         0xa6 c:/program files/microchip/xc16/v2.10/bin/bin/../../lib\libc99-elf.a(__fmt_u.DA_o)
                  0x00190e                  ___cvt_u
 .libc.__fmt_u    0x0019b4         0x52 c:/program files/microchip/xc16/v2.10/bin/bin/../../lib\libc99-elf.a(__fmt_u.DA_o)
                  0x0019b4                  ___fmt_u
                  0x0019b4                  ___fmt_u_needed
 .libc.__fmt_x    0x001a06        0x14a c:/program files/microchip/xc16/v2.10/bin/bin/../../lib\libc99-elf.a(__fmt_x.DA_o)
                  0x001a06                  ___fmt_x_needed
                  0x001a06                  ___fmt_x
 .libc.__vsnprintf
                  0x001b50         0x4a c:/program files/microchip/xc16/v2.10/bin/bin/../../lib\libc99-elf.a(__int_vsnprintf.DA_o)
                  0x001b50                  ___vsnprintf
 .libc.__vsprintf
                  0x001b9a          0x8 c:/program files/microchip/xc16/v2.10/bin/bin/../../lib\libc99-elf.a(__int_vsprintf.DA_o)
                  0x001b9a                  ___vsprintf
 .libc.__pop_float
                  0x001ba2         0x3e c:/program files/microchip/xc16/v2.10/bin/bin/../../lib\libc99-elf.a(__pop_float.DA_o)
                  0x001ba2                  ___pop_float
                  0x001ba2                  ___pop_float_needed
 .libc.__pop_int
                  0x001be0         0xa8 c:/program files/microchip/xc16/v2.10/bin/bin/../../lib\libc99-elf.a(__pop_int.DA_o)
                  0x001be0                  ___pop_int
                  0x001be0                  ___pop_int_needed
 .libc.__pop_ptr
                  0x001c88         0x70 c:/program files/microchip/xc16/v2.10/bin/bin/../../lib\libc99-elf.a(__pop_ptr.DA_o)
                  0x001c88                  ___pop_ptr_needed
                  0x001c88                  ___pop_ptr
 .libc.__string_out
                  0x001cf8         0x26 c:/program files/microchip/xc16/v2.10/bin/bin/../../lib\libc99-elf.a(__printf_core.DA_o)
                  0x001cf8                  ___out
 .libc.__pad      0x001d1e         0x74 c:/program files/microchip/xc16/v2.10/bin/bin/../../lib\libc99-elf.a(__printf_core.DA_o)
                  0x001d1e                  ___pad
 .libc.__dummy_fmt3
                  0x001d92          0x2 c:/program files/microchip/xc16/v2.10/bin/bin/../../lib\libc99-elf.a(__printf_core.DA_o)
 .libc.__dummy_fmt4
                  0x001d94          0x2 c:/program files/microchip/xc16/v2.10/bin/bin/../../lib\libc99-elf.a(__printf_core.DA_o)
 .libc.__dummy_fmts
                  0x001d96          0x2 c:/program files/microchip/xc16/v2.10/bin/bin/../../lib\libc99-elf.a(__printf_core.DA_o)
 .libc.__fmt_state
                  0x001d98         0x2c c:/program files/microchip/xc16/v2.10/bin/bin/../../lib\libc99-elf.a(__printf_core.DA_o)
                  0x001d98                  ___fmt_state
 .libc.vfpfcnvrt.clone.0
                  0x001dc4        0x2d8 c:/program files/microchip/xc16/v2.10/bin/bin/../../lib\libc99-elf.a(__printf_core.DA_o)
 .libc.__printf_core
                  0x00209c         0x40 c:/program files/microchip/xc16/v2.10/bin/bin/../../lib\libc99-elf.a(__printf_core.DA_o)
                  0x00209c                  ___printf_core
 .libc.__isspace
                  0x0020dc         0x14 c:/program files/microchip/xc16/v2.10/bin/bin/../../lib\libc99-elf.a(atoi.DA_o)
 .libc.atoi       0x0020f0         0x4c c:/program files/microchip/xc16/v2.10/bin/bin/../../lib\libc99-elf.a(atoi.DA_o)
                  0x0020f0                  _atoi
 .libc.__isspace
                  0x00213c         0x14 c:/program files/microchip/xc16/v2.10/bin/bin/../../lib\libc99-elf.a(intscan.DA_o)
 .libc.__intscan
                  0x002150        0x432 c:/program files/microchip/xc16/v2.10/bin/bin/../../lib\libc99-elf.a(intscan.DA_o)
                  0x002150                  ___intscan
 .libc.__shlim    0x002582         0x4a c:/program files/microchip/xc16/v2.10/bin/bin/../../lib\libc99-elf.a(shgetc.DA_o)
                  0x002582                  ___shlim
 .libc.__shgetc
                  0x0025cc        0x130 c:/program files/microchip/xc16/v2.10/bin/bin/../../lib\libc99-elf.a(shgetc.DA_o)
                  0x0025cc                  ___shgetc
 .libc.__stpncpy
                  0x0026fc         0x6a c:/program files/microchip/xc16/v2.10/bin/bin/../../lib\libc99-elf.a(stpncpy.DA_o)
                  0x0026fc                  _stpncpy
                  0x0026fc                  ___stpncpy
 .libc.strcpy     0x002766          0xe c:/program files/microchip/xc16/v2.10/bin/bin/../../lib\libc99-elf.a(strcpy.DA_o)
                  0x002766                  _strcpy
 .libc.strcspn    0x002774         0x68 c:/program files/microchip/xc16/v2.10/bin/bin/../../lib\libc99-elf.a(strcspn.DA_o)
                  0x002774                  _strcspn
 .libc.strlen     0x0027dc         0x30 c:/program files/microchip/xc16/v2.10/bin/bin/../../lib\libc99-elf.a(strlen.DA_o)
                  0x0027dc                  _strlen
 .libc.strspn     0x00280c         0x66 c:/program files/microchip/xc16/v2.10/bin/bin/../../lib\libc99-elf.a(strspn.DA_o)
                  0x00280c                  _strspn
 .libc.tolower    0x002872          0xc c:/program files/microchip/xc16/v2.10/bin/bin/../../lib\libc99-elf.a(tolower.DA_o)
                  0x002872                  _tolower
 .libc.__tolower_l
                  0x00287e          0x2 c:/program files/microchip/xc16/v2.10/bin/bin/../../lib\libc99-elf.a(tolower.DA_o)
                  0x00287e                  ___tolower_l
                  0x00287e                  _tolower_l
 .libc.toupper    0x002880          0xc c:/program files/microchip/xc16/v2.10/bin/bin/../../lib\libc99-elf.a(toupper.DA_o)
                  0x002880                  _toupper
 .libc.__toupper_l
                  0x00288c          0x2 c:/program files/microchip/xc16/v2.10/bin/bin/../../lib\libc99-elf.a(toupper.DA_o)
                  0x00288c                  ___toupper_l
                  0x00288c                  _toupper_l
 .libc.vsnprintf
                  0x00288e         0x50 c:/program files/microchip/xc16/v2.10/bin/bin/../../lib\libc99-elf.a(vsnprintf.DA_o)
                  0x00288e                  _vsnprintf
 .libc.__vfprintf
                  0x0028de         0x1c c:/program files/microchip/xc16/v2.10/bin/bin/../../lib\libc99-elf.a(__int_vfprintf.DA_o)
                  0x0028de                  ___vfprintf
 .libc.__uflow    0x0028fa         0x2a c:/program files/microchip/xc16/v2.10/bin/bin/../../lib\libc99-elf.a(__uflow.DA_o)
                  0x0028fa                  ___uflow
 .libc.__stpcpy
                  0x002924         0x40 c:/program files/microchip/xc16/v2.10/bin/bin/../../lib\libc99-elf.a(stpcpy.DA_o)
                  0x002924                  ___stpcpy
                  0x002924                  _stpcpy
 .libc.__strchrnul
                  0x002964         0x58 c:/program files/microchip/xc16/v2.10/bin/bin/../../lib\libc99-elf.a(strchrnul.DA_o)
                  0x002964                  ___strchrnul
                  0x002964                  _strchrnul
 .libc.vfprintf
                  0x0029bc         0x1c c:/program files/microchip/xc16/v2.10/bin/bin/../../lib\libc99-elf.a(vfprintf.DA_o)
                  0x0029bc                  _vfprintf
 .libc.__toread
                  0x0029d8         0x48 c:/program files/microchip/xc16/v2.10/bin/bin/../../lib\libc99-elf.a(__toread.DA_o)
                  0x0029d8                  ___toread
 .libc.__toread_needs_stdio_exit
                  0x002a20          0x2 c:/program files/microchip/xc16/v2.10/bin/bin/../../lib\libc99-elf.a(__toread.DA_o)
                  0x002a20                  ___toread_needs_stdio_exit
 .libc.__LONG_DOUBLE_BITS
                  0x002a22          0x2 c:/program files/microchip/xc16/v2.10/bin/bin/../../lib\libc99-elf.a(__fmt_a.DA_o)
 .libc.__fmt_a    0x002a24        0x544 c:/program files/microchip/xc16/v2.10/bin/bin/../../lib\libc99-elf.a(__fmt_a.DA_o)
                  0x002a24                  ___fmt_a_needed
                  0x002a24                  ___fmt_a
 .libc.__dummy    0x002f68          0x2 c:/program files/microchip/xc16/v2.10/bin/bin/../../lib\libc99-elf.a(__stdio_exit.DA_o)
                  0x002f68                  ___stdio_exit_ofl
 .libc.__dummy1
                  0x002f6a          0x2 c:/program files/microchip/xc16/v2.10/bin/bin/../../lib\libc99-elf.a(__stdio_exit.DA_o)
                  0x002f6a                  ___fclose
 .libc.__stdio_exit
                  0x002f6c         0x14 c:/program files/microchip/xc16/v2.10/bin/bin/../../lib\libc99-elf.a(__stdio_exit.DA_o)
                  0x002f6c                  ___stdio_exit_needed
                  0x002f6c                  ___stdio_exit
 .libm.eqdf2      0x002f80          0xa c:/program files/microchip/xc16/v2.10/bin/bin/../../lib\libc99-pic30-elf.a(deqltle.DA_o)
                  0x002f80                  ___eqdf2
                  0x002f80                  ___ltdf2
                  0x002f80                  ___ledf2
 .libm.gtdf2      0x002f8a          0xa c:/program files/microchip/xc16/v2.10/bin/bin/../../lib\libc99-pic30-elf.a(dgtge.DA_o)
                  0x002f8a                  ___gtdf2
                  0x002f8a                  ___gedf2
 .libm.extendsfdf2
                  0x002f94         0x3e c:/program files/microchip/xc16/v2.10/bin/bin/../../lib\libc99-pic30-elf.a(extendsfdf.DA_o)
                  0x002f94                  ___extendsfdf2
 .libm.fixdfsi    0x002fd2         0x58 c:/program files/microchip/xc16/v2.10/bin/bin/../../lib\libc99-pic30-elf.a(fixdfsi.DA_o)
                  0x002fd2                  _(float, int, long long, double, float, short, int)
 .libm.mulsi3     0x00302a          0xc c:/program files/microchip/xc16/v2.10/bin/bin/../../lib\libc99-pic30-elf.a(mulsi3.DA_o)
                  0x00302a                  ___mulp32peds3
                  0x00302a                  ___mulsi3
                  0x00302a                  ___mulp32eds3
 .lib_dpfops      0x003036         0xa2 c:/program files/microchip/xc16/v2.10/bin/bin/../../lib\libc99-pic30-elf.a(dpadd.DA_o)
                  0x003036                  ___subdf3
                  0x003042                  ___adddf3
 .lib_dpfops      0x0030d8        0x15e c:/program files/microchip/xc16/v2.10/bin/bin/../../lib\libc99-pic30-elf.a(dpdiv.DA_o)
                  0x0030d8                  ___divdf3
 .lib_dpfops      0x003236        0x11a c:/program files/microchip/xc16/v2.10/bin/bin/../../lib\libc99-pic30-elf.a(dpmul.DA_o)
                  0x003236                  ___muldf3
 .lib_dpfops      0x003350        0x128 c:/program files/microchip/xc16/v2.10/bin/bin/../../lib\libc99-pic30-elf.a(dpsubs.DA_o)
                  0x00336a                  __dxchg
                  0x003378                  __drshft
                  0x0033d2                  __dupchk
                  0x003434                  __drndex
                  0x00343e                  __dnsrnd
                  0x00346a                  __dpakex
 .libm.__PplusBdi
                  0x003478         0x26 c:/program files/microchip/xc16/v2.10/bin/bin/../../lib\libc99-pic30-elf.a(divmoddi3.DA_o)
 .libm.__PminusBdi
                  0x00349e         0x26 c:/program files/microchip/xc16/v2.10/bin/bin/../../lib\libc99-pic30-elf.a(divmoddi3.DA_o)
 .libm.__udivmoddi3
                  0x0034c4         0xe6 c:/program files/microchip/xc16/v2.10/bin/bin/../../lib\libc99-pic30-elf.a(divmoddi3.DA_o)
                  0x0034c4                  ___udivmoddi3
 .libm.__udivdi3
                  0x0035aa          0xe c:/program files/microchip/xc16/v2.10/bin/bin/../../lib\libc99-pic30-elf.a(divmoddi3.DA_o)
                  0x0035aa                  ___udivdi3
 .libm.__umoddi3
                  0x0035b8          0x8 c:/program files/microchip/xc16/v2.10/bin/bin/../../lib\libc99-pic30-elf.a(divmoddi3.DA_o)
                  0x0035b8                  ___umoddi3
 .libm.__divdi3
                  0x0035c0         0x60 c:/program files/microchip/xc16/v2.10/bin/bin/../../lib\libc99-pic30-elf.a(divmoddi3.DA_o)
                  0x0035c0                  ___divdi3
 .libm.__moddi3
                  0x003620         0x5c c:/program files/microchip/xc16/v2.10/bin/bin/../../lib\libc99-pic30-elf.a(divmoddi3.DA_o)
                  0x003620                  ___moddi3
 .libm.__muldi3
                  0x00367c         0x52 c:/program files/microchip/xc16/v2.10/bin/bin/../../lib\libc99-pic30-elf.a(muldi3.DA_o)
                  0x00367c                  ___muldi3
 .libm.dcompare
                  0x0036ce         0x52 c:/program files/microchip/xc16/v2.10/bin/bin/../../lib\libc99-pic30-elf.a(dcompare.DA_o)
                  0x0036ce                  __dcompare
 .libm.dtype      0x003720         0x24 c:/program files/microchip/xc16/v2.10/bin/bin/../../lib\libc99-pic30-elf.a(dtype.DA_o)
                  0x003720                  __dtype
 .libm.dunpack    0x003744         0x4e c:/program files/microchip/xc16/v2.10/bin/bin/../../lib\libc99-pic30-elf.a(dunpack.DA_o)
                  0x003744                  __dunpack
 .libm.dunpack2
                  0x003792         0x32 c:/program files/microchip/xc16/v2.10/bin/bin/../../lib\libc99-pic30-elf.a(dunpack2.DA_o)
                  0x003792                  __dunpack2
                  0x0037b4                  __dreturnNaN
                  0x0037ba                  __dunpack2exit
 .libm.umuldi3    0x0037c4         0x44 c:/program files/microchip/xc16/v2.10/bin/bin/../../lib\libc99-pic30-elf.a(umuldi3.DA_o)
                  0x0037c4                  ___umuldi3
 .libm.dPropagateNaN
                  0x003808         0x1c c:/program files/microchip/xc16/v2.10/bin/bin/../../lib\libc99-pic30-elf.a(dpropagateNaN.DA_o)
                  0x003808                  __dPropagateNaN
 .libc.floorl     0x003824         0xf8 c:/program files/microchip/xc16/v2.10/bin/bin/../../lib\libm-elf.a(floorl.DA_o)
                  0x003824                  _floorl

usercode
 *(usercode)

__CONFIG4
 *(__CONFIG4.sec*)

__CONFIG3
 *(__CONFIG3.sec*)

__CONFIG2
 *(__CONFIG2.sec*)

__CONFIG1
 *(__CONFIG1.sec*)

.comment
 *(.comment)

.debug_info       0x000000       0xe184
 *(.debug_info)
 .debug_info      0x000000        0xb9d build/default/debug/src/app/taskBQ76920.o
 .debug_info      0x000b9d        0x909 build/default/debug/FreeRTOS/Source/croutine.o
 .debug_info      0x0014a6        0x8f0 build/default/debug/FreeRTOS/Source/event_groups.o
 .debug_info      0x001d96        0x44d build/default/debug/FreeRTOS/Source/list.o
 .debug_info      0x0021e3       0x18dc build/default/debug/FreeRTOS/Source/queue.o
 .debug_info      0x003abf        0xfdd build/default/debug/FreeRTOS/Source/stream_buffer.o
 .debug_info      0x004a9c       0x22f7 build/default/debug/FreeRTOS/Source/tasks.o
 .debug_info      0x006d93       0x10b5 build/default/debug/FreeRTOS/Source/timers.o
 .debug_info      0x007e48        0x71a build/default/debug/FreeRTOS/Source/portable/GCC/MemMang/heap_4.o
 .debug_info      0x008562        0xc75 build/default/debug/FreeRTOS/Source/portable/MPLAB/PIC24_dsPIC/port.o
 .debug_info      0x0091d7         0xa8 build/default/debug/FreeRTOS/Source/portable/MPLAB/PIC24_dsPIC/portasm_PIC24.o
 .debug_info      0x00927f        0x38d build/default/debug/mcc_generated_files/traps.o
 .debug_info      0x00960c        0x680 build/default/debug/mcc_generated_files/pin_manager.o
 .debug_info      0x009c8c        0x33a build/default/debug/mcc_generated_files/system.o
 .debug_info      0x009fc6        0x2d6 build/default/debug/mcc_generated_files/clock.o
 .debug_info      0x00a29c        0x8c8 build/default/debug/mcc_generated_files/interrupt_manager.o
 .debug_info      0x00ab64        0x7ef build/default/debug/mcc_generated_files/uart1.o
 .debug_info      0x00b353       0x107b build/default/debug/mcc_generated_files/i2c1.o
 .debug_info      0x00c3ce        0x578 build/default/debug/src/main.o
 .debug_info      0x00c946        0x34c build/default/debug/src/rtos_hooks.o
 .debug_info      0x00cc92         0x8d c:/program files/microchip/xc16/v2.10/bin/bin/../../lib\libc99-pic30-elf.a(feqltle.DA_o)
 .debug_info      0x00cd1f         0x8b c:/program files/microchip/xc16/v2.10/bin/bin/../../lib\libc99-pic30-elf.a(fgtge.DA_o)
 .debug_info      0x00cdaa         0x90 c:/program files/microchip/xc16/v2.10/bin/bin/../../lib\libc99-pic30-elf.a(fixunssfsi.DA_o)
 .debug_info      0x00ce3a         0x8f c:/program files/microchip/xc16/v2.10/bin/bin/../../lib\libc99-pic30-elf.a(floatsisf.DA_o)
 .debug_info      0x00cec9         0x91 c:/program files/microchip/xc16/v2.10/bin/bin/../../lib\libc99-pic30-elf.a(floatunsisf.DA_o)
 .debug_info      0x00cf5a         0x8d c:/program files/microchip/xc16/v2.10/bin/bin/../../lib\libc99-pic30-elf.a(funpack.DA_o)
 .debug_info      0x00cfe7         0x8d c:/program files/microchip/xc16/v2.10/bin/bin/../../lib\libc99-pic30-elf.a(udivsi3.DA_o)
 .debug_info      0x00d074         0x9d c:/program files/microchip/xc16/v2.10/bin/bin/../../lib\libc99-pic30-elf.a(addsf3x.DA_o)
 .debug_info      0x00d111         0x9d c:/program files/microchip/xc16/v2.10/bin/bin/../../lib\libc99-pic30-elf.a(divsf3x.DA_o)
 .debug_info      0x00d1ae         0x9d c:/program files/microchip/xc16/v2.10/bin/bin/../../lib\libc99-pic30-elf.a(mulsf3x.DA_o)
 .debug_info      0x00d24b         0xa0 c:/program files/microchip/xc16/v2.10/bin/bin/../../lib\libc99-pic30-elf.a(dnrmpackfx.DA_o)
 .debug_info      0x00d2eb         0xa2 c:/program files/microchip/xc16/v2.10/bin/bin/../../lib\libc99-pic30-elf.a(unpackdnrmfx.DA_o)
 .debug_info      0x00d38d         0x9c c:/program files/microchip/xc16/v2.10/bin/bin/../../lib\libc99-pic30-elf.a(typefx.DA_o)
 .debug_info      0x00d429         0x9f c:/program files/microchip/xc16/v2.10/bin/bin/../../lib\libc99-pic30-elf.a(propnanfx.DA_o)
 .debug_info      0x00d4c8         0x9d c:/program files/microchip/xc16/v2.10/bin/bin/../../lib\libc99-pic30-elf.a(spackfx.DA_o)
 .debug_info      0x00d565         0x9e c:/program files/microchip/xc16/v2.10/bin/bin/../../lib\libc99-pic30-elf.a(unpackfx.DA_o)
 .debug_info      0x00d603         0x8e c:/program files/microchip/xc16/v2.10/bin/bin/../../lib\libc99-pic30-elf.a(fcompare.DA_o)
 .debug_info      0x00d691         0x8f c:/program files/microchip/xc16/v2.10/bin/bin/../../lib\libc99-pic30-elf.a(floatdisf.DA_o)
 .debug_info      0x00d720         0x91 c:/program files/microchip/xc16/v2.10/bin/bin/../../lib\libc99-pic30-elf.a(floatundisf.DA_o)
 .debug_info      0x00d7b1         0x8b c:/program files/microchip/xc16/v2.10/bin/bin/../../lib\libc99-pic30-elf.a(fpack.DA_o)
 .debug_info      0x00d83c         0x8e c:/program files/microchip/xc16/v2.10/bin/bin/../../lib\libc99-pic30-elf.a(funpack2.DA_o)
 .debug_info      0x00d8ca         0x8d c:/program files/microchip/xc16/v2.10/bin/bin/../../lib\libc99-pic30-elf.a(deqltle.DA_o)
 .debug_info      0x00d957         0x8b c:/program files/microchip/xc16/v2.10/bin/bin/../../lib\libc99-pic30-elf.a(dgtge.DA_o)
 .debug_info      0x00d9e2         0x90 c:/program files/microchip/xc16/v2.10/bin/bin/../../lib\libc99-pic30-elf.a(extendsfdf.DA_o)
 .debug_info      0x00da72         0x8d c:/program files/microchip/xc16/v2.10/bin/bin/../../lib\libc99-pic30-elf.a(fixdfsi.DA_o)
 .debug_info      0x00daff         0x8c c:/program files/microchip/xc16/v2.10/bin/bin/../../lib\libc99-pic30-elf.a(mulsi3.DA_o)
 .debug_info      0x00db8b         0xa9 c:/program files/microchip/xc16/v2.10/bin/bin/../../lib\libc99-pic30-elf.a(dpadd.DA_o)
 .debug_info      0x00dc34         0xa9 c:/program files/microchip/xc16/v2.10/bin/bin/../../lib\libc99-pic30-elf.a(dpdiv.DA_o)
 .debug_info      0x00dcdd         0xa9 c:/program files/microchip/xc16/v2.10/bin/bin/../../lib\libc99-pic30-elf.a(dpmul.DA_o)
 .debug_info      0x00dd86         0xaa c:/program files/microchip/xc16/v2.10/bin/bin/../../lib\libc99-pic30-elf.a(dpsubs.DA_o)
 .debug_info      0x00de30         0x8e c:/program files/microchip/xc16/v2.10/bin/bin/../../lib\libc99-pic30-elf.a(dcompare.DA_o)
 .debug_info      0x00debe         0x8b c:/program files/microchip/xc16/v2.10/bin/bin/../../lib\libc99-pic30-elf.a(dtype.DA_o)
 .debug_info      0x00df49         0x8d c:/program files/microchip/xc16/v2.10/bin/bin/../../lib\libc99-pic30-elf.a(dunpack.DA_o)
 .debug_info      0x00dfd6         0x8e c:/program files/microchip/xc16/v2.10/bin/bin/../../lib\libc99-pic30-elf.a(dunpack2.DA_o)
 .debug_info      0x00e064         0x8d c:/program files/microchip/xc16/v2.10/bin/bin/../../lib\libc99-pic30-elf.a(umuldi3.DA_o)
 .debug_info      0x00e0f1         0x93 c:/program files/microchip/xc16/v2.10/bin/bin/../../lib\libc99-pic30-elf.a(dpropagateNaN.DA_o)
 *(.gnu.linkonce.wi.*)

.debug_abbrev     0x000000       0x1b7e
 *(.debug_abbrev)
 .debug_abbrev    0x000000        0x1b7 build/default/debug/src/app/taskBQ76920.o
 .debug_abbrev    0x0001b7        0x1dd build/default/debug/FreeRTOS/Source/croutine.o
 .debug_abbrev    0x000394        0x147 build/default/debug/FreeRTOS/Source/event_groups.o
 .debug_abbrev    0x0004db         0xe1 build/default/debug/FreeRTOS/Source/list.o
 .debug_abbrev    0x0005bc        0x19b build/default/debug/FreeRTOS/Source/queue.o
 .debug_abbrev    0x000757        0x14c build/default/debug/FreeRTOS/Source/stream_buffer.o
 .debug_abbrev    0x0008a3        0x209 build/default/debug/FreeRTOS/Source/tasks.o
 .debug_abbrev    0x000aac        0x1ac build/default/debug/FreeRTOS/Source/timers.o
 .debug_abbrev    0x000c58        0x157 build/default/debug/FreeRTOS/Source/portable/GCC/MemMang/heap_4.o
 .debug_abbrev    0x000daf        0x1e3 build/default/debug/FreeRTOS/Source/portable/MPLAB/PIC24_dsPIC/port.o
 .debug_abbrev    0x000f92         0x14 build/default/debug/FreeRTOS/Source/portable/MPLAB/PIC24_dsPIC/portasm_PIC24.o
 .debug_abbrev    0x000fa6        0x10d build/default/debug/mcc_generated_files/traps.o
 .debug_abbrev    0x0010b3         0xd6 build/default/debug/mcc_generated_files/pin_manager.o
 .debug_abbrev    0x001189         0xb4 build/default/debug/mcc_generated_files/system.o
 .debug_abbrev    0x00123d         0x6a build/default/debug/mcc_generated_files/clock.o
 .debug_abbrev    0x0012a7          0x1 build/default/debug/mcc_generated_files/mcc.o
 .debug_abbrev    0x0012a8         0xb4 build/default/debug/mcc_generated_files/interrupt_manager.o
 .debug_abbrev    0x00135c        0x112 build/default/debug/mcc_generated_files/uart1.o
 .debug_abbrev    0x00146e        0x212 build/default/debug/mcc_generated_files/i2c1.o
 .debug_abbrev    0x001680        0x14f build/default/debug/src/main.o
 .debug_abbrev    0x0017cf         0xdf build/default/debug/src/rtos_hooks.o
 .debug_abbrev    0x0018ae         0x14 c:/program files/microchip/xc16/v2.10/bin/bin/../../lib\libc99-pic30-elf.a(feqltle.DA_o)
 .debug_abbrev    0x0018c2         0x14 c:/program files/microchip/xc16/v2.10/bin/bin/../../lib\libc99-pic30-elf.a(fgtge.DA_o)
 .debug_abbrev    0x0018d6         0x14 c:/program files/microchip/xc16/v2.10/bin/bin/../../lib\libc99-pic30-elf.a(fixunssfsi.DA_o)
 .debug_abbrev    0x0018ea         0x14 c:/program files/microchip/xc16/v2.10/bin/bin/../../lib\libc99-pic30-elf.a(floatsisf.DA_o)
 .debug_abbrev    0x0018fe         0x14 c:/program files/microchip/xc16/v2.10/bin/bin/../../lib\libc99-pic30-elf.a(floatunsisf.DA_o)
 .debug_abbrev    0x001912         0x14 c:/program files/microchip/xc16/v2.10/bin/bin/../../lib\libc99-pic30-elf.a(funpack.DA_o)
 .debug_abbrev    0x001926         0x14 c:/program files/microchip/xc16/v2.10/bin/bin/../../lib\libc99-pic30-elf.a(udivsi3.DA_o)
 .debug_abbrev    0x00193a         0x14 c:/program files/microchip/xc16/v2.10/bin/bin/../../lib\libc99-pic30-elf.a(addsf3x.DA_o)
 .debug_abbrev    0x00194e         0x14 c:/program files/microchip/xc16/v2.10/bin/bin/../../lib\libc99-pic30-elf.a(divsf3x.DA_o)
 .debug_abbrev    0x001962         0x14 c:/program files/microchip/xc16/v2.10/bin/bin/../../lib\libc99-pic30-elf.a(mulsf3x.DA_o)
 .debug_abbrev    0x001976         0x14 c:/program files/microchip/xc16/v2.10/bin/bin/../../lib\libc99-pic30-elf.a(dnrmpackfx.DA_o)
 .debug_abbrev    0x00198a         0x14 c:/program files/microchip/xc16/v2.10/bin/bin/../../lib\libc99-pic30-elf.a(unpackdnrmfx.DA_o)
 .debug_abbrev    0x00199e         0x14 c:/program files/microchip/xc16/v2.10/bin/bin/../../lib\libc99-pic30-elf.a(typefx.DA_o)
 .debug_abbrev    0x0019b2         0x14 c:/program files/microchip/xc16/v2.10/bin/bin/../../lib\libc99-pic30-elf.a(propnanfx.DA_o)
 .debug_abbrev    0x0019c6         0x14 c:/program files/microchip/xc16/v2.10/bin/bin/../../lib\libc99-pic30-elf.a(spackfx.DA_o)
 .debug_abbrev    0x0019da         0x14 c:/program files/microchip/xc16/v2.10/bin/bin/../../lib\libc99-pic30-elf.a(unpackfx.DA_o)
 .debug_abbrev    0x0019ee         0x14 c:/program files/microchip/xc16/v2.10/bin/bin/../../lib\libc99-pic30-elf.a(fcompare.DA_o)
 .debug_abbrev    0x001a02         0x14 c:/program files/microchip/xc16/v2.10/bin/bin/../../lib\libc99-pic30-elf.a(floatdisf.DA_o)
 .debug_abbrev    0x001a16         0x14 c:/program files/microchip/xc16/v2.10/bin/bin/../../lib\libc99-pic30-elf.a(floatundisf.DA_o)
 .debug_abbrev    0x001a2a         0x14 c:/program files/microchip/xc16/v2.10/bin/bin/../../lib\libc99-pic30-elf.a(fpack.DA_o)
 .debug_abbrev    0x001a3e         0x14 c:/program files/microchip/xc16/v2.10/bin/bin/../../lib\libc99-pic30-elf.a(funpack2.DA_o)
 .debug_abbrev    0x001a52         0x14 c:/program files/microchip/xc16/v2.10/bin/bin/../../lib\libc99-pic30-elf.a(deqltle.DA_o)
 .debug_abbrev    0x001a66         0x14 c:/program files/microchip/xc16/v2.10/bin/bin/../../lib\libc99-pic30-elf.a(dgtge.DA_o)
 .debug_abbrev    0x001a7a         0x14 c:/program files/microchip/xc16/v2.10/bin/bin/../../lib\libc99-pic30-elf.a(extendsfdf.DA_o)
 .debug_abbrev    0x001a8e         0x14 c:/program files/microchip/xc16/v2.10/bin/bin/../../lib\libc99-pic30-elf.a(fixdfsi.DA_o)
 .debug_abbrev    0x001aa2         0x14 c:/program files/microchip/xc16/v2.10/bin/bin/../../lib\libc99-pic30-elf.a(mulsi3.DA_o)
 .debug_abbrev    0x001ab6         0x14 c:/program files/microchip/xc16/v2.10/bin/bin/../../lib\libc99-pic30-elf.a(dpadd.DA_o)
 .debug_abbrev    0x001aca         0x14 c:/program files/microchip/xc16/v2.10/bin/bin/../../lib\libc99-pic30-elf.a(dpdiv.DA_o)
 .debug_abbrev    0x001ade         0x14 c:/program files/microchip/xc16/v2.10/bin/bin/../../lib\libc99-pic30-elf.a(dpmul.DA_o)
 .debug_abbrev    0x001af2         0x14 c:/program files/microchip/xc16/v2.10/bin/bin/../../lib\libc99-pic30-elf.a(dpsubs.DA_o)
 .debug_abbrev    0x001b06         0x14 c:/program files/microchip/xc16/v2.10/bin/bin/../../lib\libc99-pic30-elf.a(dcompare.DA_o)
 .debug_abbrev    0x001b1a         0x14 c:/program files/microchip/xc16/v2.10/bin/bin/../../lib\libc99-pic30-elf.a(dtype.DA_o)
 .debug_abbrev    0x001b2e         0x14 c:/program files/microchip/xc16/v2.10/bin/bin/../../lib\libc99-pic30-elf.a(dunpack.DA_o)
 .debug_abbrev    0x001b42         0x14 c:/program files/microchip/xc16/v2.10/bin/bin/../../lib\libc99-pic30-elf.a(dunpack2.DA_o)
 .debug_abbrev    0x001b56         0x14 c:/program files/microchip/xc16/v2.10/bin/bin/../../lib\libc99-pic30-elf.a(umuldi3.DA_o)
 .debug_abbrev    0x001b6a         0x14 c:/program files/microchip/xc16/v2.10/bin/bin/../../lib\libc99-pic30-elf.a(dpropagateNaN.DA_o)

.debug_line       0x000000       0x35ff
 *(.debug_line)
 .debug_line      0x000000        0x288 build/default/debug/src/app/taskBQ76920.o
 .debug_line      0x000288        0x1fc build/default/debug/FreeRTOS/Source/croutine.o
 .debug_line      0x000484        0x1d7 build/default/debug/FreeRTOS/Source/event_groups.o
 .debug_line      0x00065b        0x11f build/default/debug/FreeRTOS/Source/list.o
 .debug_line      0x00077a        0x487 build/default/debug/FreeRTOS/Source/queue.o
 .debug_line      0x000c01        0x242 build/default/debug/FreeRTOS/Source/stream_buffer.o
 .debug_line      0x000e43        0x53d build/default/debug/FreeRTOS/Source/tasks.o
 .debug_line      0x001380        0x241 build/default/debug/FreeRTOS/Source/timers.o
 .debug_line      0x0015c1        0x19f build/default/debug/FreeRTOS/Source/portable/GCC/MemMang/heap_4.o
 .debug_line      0x001760        0x1b3 build/default/debug/FreeRTOS/Source/portable/MPLAB/PIC24_dsPIC/port.o
 .debug_line      0x001913         0x8f build/default/debug/FreeRTOS/Source/portable/MPLAB/PIC24_dsPIC/portasm_PIC24.o
 .debug_line      0x0019a2         0x1a build/default/debug/FreeRTOS/Source/portable/MPLAB/PIC24_dsPIC/portasm_dsPIC.o
 .debug_line      0x0019bc        0x14d build/default/debug/mcc_generated_files/traps.o
 .debug_line      0x001b09        0x134 build/default/debug/mcc_generated_files/pin_manager.o
 .debug_line      0x001c3d        0x121 build/default/debug/mcc_generated_files/system.o
 .debug_line      0x001d5e        0x128 build/default/debug/mcc_generated_files/clock.o
 .debug_line      0x001e86         0x1a build/default/debug/mcc_generated_files/mcc.o
 .debug_line      0x001ea0        0x12b build/default/debug/mcc_generated_files/interrupt_manager.o
 .debug_line      0x001fcb        0x14e build/default/debug/mcc_generated_files/uart1.o
 .debug_line      0x002119        0x205 build/default/debug/mcc_generated_files/i2c1.o
 .debug_line      0x00231e        0x193 build/default/debug/src/main.o
 .debug_line      0x0024b1        0x140 build/default/debug/src/rtos_hooks.o
 .debug_line      0x0025f1         0x37 c:/program files/microchip/xc16/v2.10/bin/bin/../../lib\libc99-pic30-elf.a(feqltle.DA_o)
 .debug_line      0x002628         0x35 c:/program files/microchip/xc16/v2.10/bin/bin/../../lib\libc99-pic30-elf.a(fgtge.DA_o)
 .debug_line      0x00265d         0x53 c:/program files/microchip/xc16/v2.10/bin/bin/../../lib\libc99-pic30-elf.a(fixunssfsi.DA_o)
 .debug_line      0x0026b0         0x3a c:/program files/microchip/xc16/v2.10/bin/bin/../../lib\libc99-pic30-elf.a(floatsisf.DA_o)
 .debug_line      0x0026ea         0x3b c:/program files/microchip/xc16/v2.10/bin/bin/../../lib\libc99-pic30-elf.a(floatunsisf.DA_o)
 .debug_line      0x002725         0x4a c:/program files/microchip/xc16/v2.10/bin/bin/../../lib\libc99-pic30-elf.a(funpack.DA_o)
 .debug_line      0x00276f         0x45 c:/program files/microchip/xc16/v2.10/bin/bin/../../lib\libc99-pic30-elf.a(udivsi3.DA_o)
 .debug_line      0x0027b4        0x136 c:/program files/microchip/xc16/v2.10/bin/bin/../../lib\libc99-pic30-elf.a(addsf3x.DA_o)
 .debug_line      0x0028ea        0x124 c:/program files/microchip/xc16/v2.10/bin/bin/../../lib\libc99-pic30-elf.a(divsf3x.DA_o)
 .debug_line      0x002a0e         0xcc c:/program files/microchip/xc16/v2.10/bin/bin/../../lib\libc99-pic30-elf.a(mulsf3x.DA_o)
 .debug_line      0x002ada         0x72 c:/program files/microchip/xc16/v2.10/bin/bin/../../lib\libc99-pic30-elf.a(dnrmpackfx.DA_o)
 .debug_line      0x002b4c         0x7a c:/program files/microchip/xc16/v2.10/bin/bin/../../lib\libc99-pic30-elf.a(unpackdnrmfx.DA_o)
 .debug_line      0x002bc6         0x5e c:/program files/microchip/xc16/v2.10/bin/bin/../../lib\libc99-pic30-elf.a(typefx.DA_o)
 .debug_line      0x002c24         0x51 c:/program files/microchip/xc16/v2.10/bin/bin/../../lib\libc99-pic30-elf.a(propnanfx.DA_o)
 .debug_line      0x002c75         0x98 c:/program files/microchip/xc16/v2.10/bin/bin/../../lib\libc99-pic30-elf.a(spackfx.DA_o)
 .debug_line      0x002d0d         0x79 c:/program files/microchip/xc16/v2.10/bin/bin/../../lib\libc99-pic30-elf.a(unpackfx.DA_o)
 .debug_line      0x002d86         0x1a c:/program files/microchip/xc16/v2.10/bin/bin/../../lib\libc99-pic30-elf.a(errno.DA_o)
 .debug_line      0x002da0         0x53 c:/program files/microchip/xc16/v2.10/bin/bin/../../lib\libc99-pic30-elf.a(fcompare.DA_o)
 .debug_line      0x002df3         0x47 c:/program files/microchip/xc16/v2.10/bin/bin/../../lib\libc99-pic30-elf.a(floatdisf.DA_o)
 .debug_line      0x002e3a         0x6c c:/program files/microchip/xc16/v2.10/bin/bin/../../lib\libc99-pic30-elf.a(floatundisf.DA_o)
 .debug_line      0x002ea6         0x5a c:/program files/microchip/xc16/v2.10/bin/bin/../../lib\libc99-pic30-elf.a(fpack.DA_o)
 .debug_line      0x002f00         0x3e c:/program files/microchip/xc16/v2.10/bin/bin/../../lib\libc99-pic30-elf.a(funpack2.DA_o)
 .debug_line      0x002f3e         0x3a c:/program files/microchip/xc16/v2.10/bin/bin/../../lib\libc99-pic30-elf.a(deqltle.DA_o)
 .debug_line      0x002f78         0x38 c:/program files/microchip/xc16/v2.10/bin/bin/../../lib\libc99-pic30-elf.a(dgtge.DA_o)
 .debug_line      0x002fb0         0x59 c:/program files/microchip/xc16/v2.10/bin/bin/../../lib\libc99-pic30-elf.a(extendsfdf.DA_o)
 .debug_line      0x003009         0x61 c:/program files/microchip/xc16/v2.10/bin/bin/../../lib\libc99-pic30-elf.a(fixdfsi.DA_o)
 .debug_line      0x00306a         0x3a c:/program files/microchip/xc16/v2.10/bin/bin/../../lib\libc99-pic30-elf.a(mulsi3.DA_o)
 .debug_line      0x0030a4         0xa2 c:/program files/microchip/xc16/v2.10/bin/bin/../../lib\libc99-pic30-elf.a(dpadd.DA_o)
 .debug_line      0x003146        0x100 c:/program files/microchip/xc16/v2.10/bin/bin/../../lib\libc99-pic30-elf.a(dpdiv.DA_o)
 .debug_line      0x003246         0xde c:/program files/microchip/xc16/v2.10/bin/bin/../../lib\libc99-pic30-elf.a(dpmul.DA_o)
 .debug_line      0x003324         0xe8 c:/program files/microchip/xc16/v2.10/bin/bin/../../lib\libc99-pic30-elf.a(dpsubs.DA_o)
 .debug_line      0x00340c         0x5f c:/program files/microchip/xc16/v2.10/bin/bin/../../lib\libc99-pic30-elf.a(dcompare.DA_o)
 .debug_line      0x00346b         0x45 c:/program files/microchip/xc16/v2.10/bin/bin/../../lib\libc99-pic30-elf.a(dtype.DA_o)
 .debug_line      0x0034b0         0x5c c:/program files/microchip/xc16/v2.10/bin/bin/../../lib\libc99-pic30-elf.a(dunpack.DA_o)
 .debug_line      0x00350c         0x53 c:/program files/microchip/xc16/v2.10/bin/bin/../../lib\libc99-pic30-elf.a(dunpack2.DA_o)
 .debug_line      0x00355f         0x57 c:/program files/microchip/xc16/v2.10/bin/bin/../../lib\libc99-pic30-elf.a(umuldi3.DA_o)
 .debug_line      0x0035b6         0x49 c:/program files/microchip/xc16/v2.10/bin/bin/../../lib\libc99-pic30-elf.a(dpropagateNaN.DA_o)

.debug_frame      0x000000       0x1976
 *(.debug_frame)
 .debug_frame     0x000000        0x164 build/default/debug/src/app/taskBQ76920.o
 .debug_frame     0x000164         0xca build/default/debug/FreeRTOS/Source/croutine.o
 .debug_frame     0x00022e        0x14c build/default/debug/FreeRTOS/Source/event_groups.o
 .debug_frame     0x00037a         0x96 build/default/debug/FreeRTOS/Source/list.o
 .debug_frame     0x000410        0x3d6 build/default/debug/FreeRTOS/Source/queue.o
 .debug_frame     0x0007e6        0x236 build/default/debug/FreeRTOS/Source/stream_buffer.o
 .debug_frame     0x000a1c        0x548 build/default/debug/FreeRTOS/Source/tasks.o
 .debug_frame     0x000f64        0x2b8 build/default/debug/FreeRTOS/Source/timers.o
 .debug_frame     0x00121c        0x106 build/default/debug/FreeRTOS/Source/portable/GCC/MemMang/heap_4.o
 .debug_frame     0x001322         0xf6 build/default/debug/FreeRTOS/Source/portable/MPLAB/PIC24_dsPIC/port.o
 .debug_frame     0x001418        0x140 build/default/debug/mcc_generated_files/traps.o
 .debug_frame     0x001558         0x2e build/default/debug/mcc_generated_files/pin_manager.o
 .debug_frame     0x001586         0x2e build/default/debug/mcc_generated_files/system.o
 .debug_frame     0x0015b4         0x2e build/default/debug/mcc_generated_files/clock.o
 .debug_frame     0x0015e2         0x2e build/default/debug/mcc_generated_files/interrupt_manager.o
 .debug_frame     0x001610        0x118 build/default/debug/mcc_generated_files/uart1.o
 .debug_frame     0x001728        0x170 build/default/debug/mcc_generated_files/i2c1.o
 .debug_frame     0x001898         0x7c build/default/debug/src/main.o
 .debug_frame     0x001914         0x62 build/default/debug/src/rtos_hooks.o

.debug_str        0x000000        0xb94
 *(.debug_str)
 .debug_str       0x000000         0x95 build/default/debug/src/app/taskBQ76920.o
 .debug_str       0x000095        0x131 build/default/debug/FreeRTOS/Source/croutine.o
 .debug_str       0x0001c6         0xe6 build/default/debug/FreeRTOS/Source/event_groups.o
 .debug_str       0x0002ac         0x2b build/default/debug/FreeRTOS/Source/list.o
 .debug_str       0x0002d7        0x18d build/default/debug/FreeRTOS/Source/queue.o
 .debug_str       0x000464        0x167 build/default/debug/FreeRTOS/Source/stream_buffer.o
 .debug_str       0x0005cb        0x30d build/default/debug/FreeRTOS/Source/tasks.o
 .debug_str       0x0008d8        0x11a build/default/debug/FreeRTOS/Source/timers.o
 .debug_str       0x0009f2         0x57 build/default/debug/FreeRTOS/Source/portable/GCC/MemMang/heap_4.o
 .debug_str       0x000a49         0x37 build/default/debug/FreeRTOS/Source/portable/MPLAB/PIC24_dsPIC/port.o
 .debug_str       0x000a80          0xc build/default/debug/mcc_generated_files/traps.o
 .debug_str       0x000a8c         0x16 build/default/debug/mcc_generated_files/pin_manager.o
 .debug_str       0x000aa2          0xc build/default/debug/mcc_generated_files/system.o
 .debug_str       0x000aae         0x1c build/default/debug/mcc_generated_files/clock.o
 .debug_str       0x000aca         0x25 build/default/debug/mcc_generated_files/interrupt_manager.o
 .debug_str       0x000aef         0x15 build/default/debug/mcc_generated_files/uart1.o
 .debug_str       0x000b04         0x5d build/default/debug/mcc_generated_files/i2c1.o
 .debug_str       0x000b61         0x33 build/default/debug/src/main.o

.debug_loc
 *(.debug_loc)

.debug_macinfo
 *(.debug_macinfo)

.debug_pubnames
                  0x000000       0x1623
 *(.debug_pubnames)
 .debug_pubnames
                  0x000000         0xd7 build/default/debug/src/app/taskBQ76920.o
 .debug_pubnames
                  0x0000d7        0x1f4 build/default/debug/FreeRTOS/Source/croutine.o
 .debug_pubnames
                  0x0002cb         0xf8 build/default/debug/FreeRTOS/Source/event_groups.o
 .debug_pubnames
                  0x0003c3         0x72 build/default/debug/FreeRTOS/Source/list.o
 .debug_pubnames
                  0x000435        0x2bf build/default/debug/FreeRTOS/Source/queue.o
 .debug_pubnames
                  0x0006f4        0x1d6 build/default/debug/FreeRTOS/Source/stream_buffer.o
 .debug_pubnames
                  0x0008ca        0x6e3 build/default/debug/FreeRTOS/Source/tasks.o
 .debug_pubnames
                  0x000fad        0x181 build/default/debug/FreeRTOS/Source/timers.o
 .debug_pubnames
                  0x00112e         0xaf build/default/debug/FreeRTOS/Source/portable/GCC/MemMang/heap_4.o
 .debug_pubnames
                  0x0011dd         0xd6 build/default/debug/FreeRTOS/Source/portable/MPLAB/PIC24_dsPIC/port.o
 .debug_pubnames
                  0x0012b3         0x6f build/default/debug/mcc_generated_files/traps.o
 .debug_pubnames
                  0x001322         0x2d build/default/debug/mcc_generated_files/pin_manager.o
 .debug_pubnames
                  0x00134f         0x28 build/default/debug/mcc_generated_files/system.o
 .debug_pubnames
                  0x001377         0x27 build/default/debug/mcc_generated_files/clock.o
 .debug_pubnames
                  0x00139e         0x2b build/default/debug/mcc_generated_files/interrupt_manager.o
 .debug_pubnames
                  0x0013c9         0xce build/default/debug/mcc_generated_files/uart1.o
 .debug_pubnames
                  0x001497        0x103 build/default/debug/mcc_generated_files/i2c1.o
 .debug_pubnames
                  0x00159a         0x1b build/default/debug/src/main.o
 .debug_pubnames
                  0x0015b5         0x6e build/default/debug/src/rtos_hooks.o

.debug_ranges
 *(.debug_ranges)

.debug_aranges    0x000000        0x668
 *(.debug_aranges)
 .debug_aranges
                  0x000000         0x18 build/default/debug/src/app/taskBQ76920.o
 .debug_aranges
                  0x000018         0x18 build/default/debug/FreeRTOS/Source/croutine.o
 .debug_aranges
                  0x000030         0x18 build/default/debug/FreeRTOS/Source/event_groups.o
 .debug_aranges
                  0x000048         0x18 build/default/debug/FreeRTOS/Source/list.o
 .debug_aranges
                  0x000060         0x18 build/default/debug/FreeRTOS/Source/queue.o
 .debug_aranges
                  0x000078         0x18 build/default/debug/FreeRTOS/Source/stream_buffer.o
 .debug_aranges
                  0x000090         0x18 build/default/debug/FreeRTOS/Source/tasks.o
 .debug_aranges
                  0x0000a8         0x18 build/default/debug/FreeRTOS/Source/timers.o
 .debug_aranges
                  0x0000c0         0x18 build/default/debug/FreeRTOS/Source/portable/GCC/MemMang/heap_4.o
 .debug_aranges
                  0x0000d8         0x18 build/default/debug/FreeRTOS/Source/portable/MPLAB/PIC24_dsPIC/port.o
 .debug_aranges
                  0x0000f0         0x20 build/default/debug/FreeRTOS/Source/portable/MPLAB/PIC24_dsPIC/portasm_PIC24.o
 .debug_aranges
                  0x000110         0x18 build/default/debug/mcc_generated_files/traps.o
 .debug_aranges
                  0x000128         0x18 build/default/debug/mcc_generated_files/pin_manager.o
 .debug_aranges
                  0x000140         0x18 build/default/debug/mcc_generated_files/system.o
 .debug_aranges
                  0x000158         0x18 build/default/debug/mcc_generated_files/clock.o
 .debug_aranges
                  0x000170         0x18 build/default/debug/mcc_generated_files/interrupt_manager.o
 .debug_aranges
                  0x000188         0x18 build/default/debug/mcc_generated_files/uart1.o
 .debug_aranges
                  0x0001a0         0x18 build/default/debug/mcc_generated_files/i2c1.o
 .debug_aranges
                  0x0001b8         0x18 build/default/debug/src/main.o
 .debug_aranges
                  0x0001d0         0x18 build/default/debug/src/rtos_hooks.o
 .debug_aranges
                  0x0001e8         0x20 c:/program files/microchip/xc16/v2.10/bin/bin/../../lib\libc99-pic30-elf.a(feqltle.DA_o)
 .debug_aranges
                  0x000208         0x20 c:/program files/microchip/xc16/v2.10/bin/bin/../../lib\libc99-pic30-elf.a(fgtge.DA_o)
 .debug_aranges
                  0x000228         0x20 c:/program files/microchip/xc16/v2.10/bin/bin/../../lib\libc99-pic30-elf.a(fixunssfsi.DA_o)
 .debug_aranges
                  0x000248         0x20 c:/program files/microchip/xc16/v2.10/bin/bin/../../lib\libc99-pic30-elf.a(floatsisf.DA_o)
 .debug_aranges
                  0x000268         0x20 c:/program files/microchip/xc16/v2.10/bin/bin/../../lib\libc99-pic30-elf.a(floatunsisf.DA_o)
 .debug_aranges
                  0x000288         0x20 c:/program files/microchip/xc16/v2.10/bin/bin/../../lib\libc99-pic30-elf.a(funpack.DA_o)
 .debug_aranges
                  0x0002a8         0x20 c:/program files/microchip/xc16/v2.10/bin/bin/../../lib\libc99-pic30-elf.a(udivsi3.DA_o)
 .debug_aranges
                  0x0002c8         0x20 c:/program files/microchip/xc16/v2.10/bin/bin/../../lib\libc99-pic30-elf.a(addsf3x.DA_o)
 .debug_aranges
                  0x0002e8         0x20 c:/program files/microchip/xc16/v2.10/bin/bin/../../lib\libc99-pic30-elf.a(divsf3x.DA_o)
 .debug_aranges
                  0x000308         0x20 c:/program files/microchip/xc16/v2.10/bin/bin/../../lib\libc99-pic30-elf.a(mulsf3x.DA_o)
 .debug_aranges
                  0x000328         0x20 c:/program files/microchip/xc16/v2.10/bin/bin/../../lib\libc99-pic30-elf.a(dnrmpackfx.DA_o)
 .debug_aranges
                  0x000348         0x20 c:/program files/microchip/xc16/v2.10/bin/bin/../../lib\libc99-pic30-elf.a(unpackdnrmfx.DA_o)
 .debug_aranges
                  0x000368         0x20 c:/program files/microchip/xc16/v2.10/bin/bin/../../lib\libc99-pic30-elf.a(typefx.DA_o)
 .debug_aranges
                  0x000388         0x20 c:/program files/microchip/xc16/v2.10/bin/bin/../../lib\libc99-pic30-elf.a(propnanfx.DA_o)
 .debug_aranges
                  0x0003a8         0x20 c:/program files/microchip/xc16/v2.10/bin/bin/../../lib\libc99-pic30-elf.a(spackfx.DA_o)
 .debug_aranges
                  0x0003c8         0x20 c:/program files/microchip/xc16/v2.10/bin/bin/../../lib\libc99-pic30-elf.a(unpackfx.DA_o)
 .debug_aranges
                  0x0003e8         0x20 c:/program files/microchip/xc16/v2.10/bin/bin/../../lib\libc99-pic30-elf.a(fcompare.DA_o)
 .debug_aranges
                  0x000408         0x20 c:/program files/microchip/xc16/v2.10/bin/bin/../../lib\libc99-pic30-elf.a(floatdisf.DA_o)
 .debug_aranges
                  0x000428         0x20 c:/program files/microchip/xc16/v2.10/bin/bin/../../lib\libc99-pic30-elf.a(floatundisf.DA_o)
 .debug_aranges
                  0x000448         0x20 c:/program files/microchip/xc16/v2.10/bin/bin/../../lib\libc99-pic30-elf.a(fpack.DA_o)
 .debug_aranges
                  0x000468         0x20 c:/program files/microchip/xc16/v2.10/bin/bin/../../lib\libc99-pic30-elf.a(funpack2.DA_o)
 .debug_aranges
                  0x000488         0x20 c:/program files/microchip/xc16/v2.10/bin/bin/../../lib\libc99-pic30-elf.a(deqltle.DA_o)
 .debug_aranges
                  0x0004a8         0x20 c:/program files/microchip/xc16/v2.10/bin/bin/../../lib\libc99-pic30-elf.a(dgtge.DA_o)
 .debug_aranges
                  0x0004c8         0x20 c:/program files/microchip/xc16/v2.10/bin/bin/../../lib\libc99-pic30-elf.a(extendsfdf.DA_o)
 .debug_aranges
                  0x0004e8         0x20 c:/program files/microchip/xc16/v2.10/bin/bin/../../lib\libc99-pic30-elf.a(fixdfsi.DA_o)
 .debug_aranges
                  0x000508         0x20 c:/program files/microchip/xc16/v2.10/bin/bin/../../lib\libc99-pic30-elf.a(mulsi3.DA_o)
 .debug_aranges
                  0x000528         0x20 c:/program files/microchip/xc16/v2.10/bin/bin/../../lib\libc99-pic30-elf.a(dpadd.DA_o)
 .debug_aranges
                  0x000548         0x20 c:/program files/microchip/xc16/v2.10/bin/bin/../../lib\libc99-pic30-elf.a(dpdiv.DA_o)
 .debug_aranges
                  0x000568         0x20 c:/program files/microchip/xc16/v2.10/bin/bin/../../lib\libc99-pic30-elf.a(dpmul.DA_o)
 .debug_aranges
                  0x000588         0x20 c:/program files/microchip/xc16/v2.10/bin/bin/../../lib\libc99-pic30-elf.a(dpsubs.DA_o)
 .debug_aranges
                  0x0005a8         0x20 c:/program files/microchip/xc16/v2.10/bin/bin/../../lib\libc99-pic30-elf.a(dcompare.DA_o)
 .debug_aranges
                  0x0005c8         0x20 c:/program files/microchip/xc16/v2.10/bin/bin/../../lib\libc99-pic30-elf.a(dtype.DA_o)
 .debug_aranges
                  0x0005e8         0x20 c:/program files/microchip/xc16/v2.10/bin/bin/../../lib\libc99-pic30-elf.a(dunpack.DA_o)
 .debug_aranges
                  0x000608         0x20 c:/program files/microchip/xc16/v2.10/bin/bin/../../lib\libc99-pic30-elf.a(dunpack2.DA_o)
 .debug_aranges
                  0x000628         0x20 c:/program files/microchip/xc16/v2.10/bin/bin/../../lib\libc99-pic30-elf.a(umuldi3.DA_o)
 .debug_aranges
                  0x000648         0x20 c:/program files/microchip/xc16/v2.10/bin/bin/../../lib\libc99-pic30-elf.a(dpropagateNaN.DA_o)
                    0x0000                  WREG0 = 0x0
                    0x0000                  _WREG0 = 0x0
                    0x0002                  WREG1 = 0x2
                    0x0002                  _WREG1 = 0x2
                    0x0004                  WREG2 = 0x4
                    0x0004                  _WREG2 = 0x4
                    0x0006                  WREG3 = 0x6
                    0x0006                  _WREG3 = 0x6
                    0x0008                  WREG4 = 0x8
                    0x0008                  _WREG4 = 0x8
                    0x000a                  WREG5 = 0xa
                    0x000a                  _WREG5 = 0xa
                    0x000c                  WREG6 = 0xc
                    0x000c                  _WREG6 = 0xc
                    0x000e                  WREG7 = 0xe
                    0x000e                  _WREG7 = 0xe
                    0x0010                  WREG8 = 0x10
                    0x0010                  _WREG8 = 0x10
                    0x0012                  WREG9 = 0x12
                    0x0012                  _WREG9 = 0x12
                    0x0014                  WREG10 = 0x14
                    0x0014                  _WREG10 = 0x14
                    0x0016                  WREG11 = 0x16
                    0x0016                  _WREG11 = 0x16
                    0x0018                  WREG12 = 0x18
                    0x0018                  _WREG12 = 0x18
                    0x001a                  WREG13 = 0x1a
                    0x001a                  _WREG13 = 0x1a
                    0x001c                  WREG14 = 0x1c
                    0x001c                  _WREG14 = 0x1c
                    0x001e                  WREG15 = 0x1e
                    0x001e                  _WREG15 = 0x1e
                    0x0020                  SPLIM = 0x20
                    0x0020                  _SPLIM = 0x20
                    0x002e                  PCL = 0x2e
                    0x002e                  _PCL = 0x2e
                    0x0030                  PCH = 0x30
                    0x0030                  _PCH = 0x30
                    0x0032                  DSRPAG = 0x32
                    0x0032                  _DSRPAG = 0x32
                    0x0032                  _DSRPAGbits = 0x32
                    0x0034                  DSWPAG = 0x34
                    0x0034                  _DSWPAG = 0x34
                    0x0034                  _DSWPAGbits = 0x34
                    0x0036                  RCOUNT = 0x36
                    0x0036                  _RCOUNT = 0x36
                    0x0042                  SR = 0x42
                    0x0042                  _SR = 0x42
                    0x0042                  _SRbits = 0x42
                    0x0044                  CORCON = 0x44
                    0x0044                  _CORCON = 0x44
                    0x0044                  _CORCONbits = 0x44
                    0x0052                  DISICNT = 0x52
                    0x0052                  _DISICNT = 0x52
                    0x0052                  _DISICNTbits = 0x52
                    0x0054                  TBLPAG = 0x54
                    0x0054                  _TBLPAG = 0x54
                    0x0054                  _TBLPAGbits = 0x54
                    0x0056                  CNPD1 = 0x56
                    0x0056                  _CNPD1 = 0x56
                    0x0056                  _CNPD1bits = 0x56
                    0x0058                  CNPD2 = 0x58
                    0x0058                  _CNPD2 = 0x58
                    0x0058                  _CNPD2bits = 0x58
                    0x005a                  CNPD3 = 0x5a
                    0x005a                  _CNPD3 = 0x5a
                    0x0062                  CNEN1 = 0x62
                    0x0062                  _CNEN1 = 0x62
                    0x0062                  _CNEN1bits = 0x62
                    0x0064                  CNEN2 = 0x64
                    0x0064                  _CNEN2 = 0x64
                    0x0064                  _CNEN2bits = 0x64
                    0x0066                  CNEN3 = 0x66
                    0x0066                  _CNEN3 = 0x66
                    0x006e                  CNPU1 = 0x6e
                    0x006e                  _CNPU1 = 0x6e
                    0x006e                  _CNPU1bits = 0x6e
                    0x0070                  CNPU2 = 0x70
                    0x0070                  _CNPU2 = 0x70
                    0x0070                  _CNPU2bits = 0x70
                    0x0072                  CNPU3 = 0x72
                    0x0072                  _CNPU3 = 0x72
                    0x0080                  INTCON1 = 0x80
                    0x0080                  _INTCON1 = 0x80
                    0x0080                  _INTCON1bits = 0x80
                    0x0082                  INTCON2 = 0x82
                    0x0082                  _INTCON2 = 0x82
                    0x0082                  _INTCON2bits = 0x82
                    0x0084                  IFS0 = 0x84
                    0x0084                  _IFS0 = 0x84
                    0x0084                  _IFS0bits = 0x84
                    0x0086                  IFS1 = 0x86
                    0x0086                  _IFS1 = 0x86
                    0x0086                  _IFS1bits = 0x86
                    0x0088                  IFS2 = 0x88
                    0x0088                  _IFS2 = 0x88
                    0x0088                  _IFS2bits = 0x88
                    0x008a                  IFS3 = 0x8a
                    0x008a                  _IFS3 = 0x8a
                    0x008a                  _IFS3bits = 0x8a
                    0x008c                  IFS4 = 0x8c
                    0x008c                  _IFS4 = 0x8c
                    0x008c                  _IFS4bits = 0x8c
                    0x008e                  IFS5 = 0x8e
                    0x008e                  _IFS5 = 0x8e
                    0x008e                  _IFS5bits = 0x8e
                    0x0090                  IFS6 = 0x90
                    0x0090                  _IFS6 = 0x90
                    0x0090                  _IFS6bits = 0x90
                    0x0092                  IFS7 = 0x92
                    0x0092                  _IFS7 = 0x92
                    0x0092                  _IFS7bits = 0x92
                    0x0094                  IEC0 = 0x94
                    0x0094                  _IEC0 = 0x94
                    0x0094                  _IEC0bits = 0x94
                    0x0096                  IEC1 = 0x96
                    0x0096                  _IEC1 = 0x96
                    0x0096                  _IEC1bits = 0x96
                    0x0098                  IEC2 = 0x98
                    0x0098                  _IEC2 = 0x98
                    0x0098                  _IEC2bits = 0x98
                    0x009a                  IEC3 = 0x9a
                    0x009a                  _IEC3 = 0x9a
                    0x009a                  _IEC3bits = 0x9a
                    0x009c                  IEC4 = 0x9c
                    0x009c                  _IEC4 = 0x9c
                    0x009c                  _IEC4bits = 0x9c
                    0x009e                  IEC5 = 0x9e
                    0x009e                  _IEC5 = 0x9e
                    0x009e                  _IEC5bits = 0x9e
                    0x00a0                  IEC6 = 0xa0
                    0x00a0                  _IEC6 = 0xa0
                    0x00a0                  _IEC6bits = 0xa0
                    0x00a2                  IEC7 = 0xa2
                    0x00a2                  _IEC7 = 0xa2
                    0x00a2                  _IEC7bits = 0xa2
                    0x00a4                  IPC0 = 0xa4
                    0x00a4                  _IPC0 = 0xa4
                    0x00a4                  _IPC0bits = 0xa4
                    0x00a6                  IPC1 = 0xa6
                    0x00a6                  _IPC1 = 0xa6
                    0x00a6                  _IPC1bits = 0xa6
                    0x00a8                  IPC2 = 0xa8
                    0x00a8                  _IPC2 = 0xa8
                    0x00a8                  _IPC2bits = 0xa8
                    0x00aa                  IPC3 = 0xaa
                    0x00aa                  _IPC3 = 0xaa
                    0x00aa                  _IPC3bits = 0xaa
                    0x00ac                  IPC4 = 0xac
                    0x00ac                  _IPC4 = 0xac
                    0x00ac                  _IPC4bits = 0xac
                    0x00ae                  IPC5 = 0xae
                    0x00ae                  _IPC5 = 0xae
                    0x00ae                  _IPC5bits = 0xae
                    0x00b0                  IPC6 = 0xb0
                    0x00b0                  _IPC6 = 0xb0
                    0x00b0                  _IPC6bits = 0xb0
                    0x00b2                  IPC7 = 0xb2
                    0x00b2                  _IPC7 = 0xb2
                    0x00b2                  _IPC7bits = 0xb2
                    0x00b4                  IPC8 = 0xb4
                    0x00b4                  _IPC8 = 0xb4
                    0x00b4                  _IPC8bits = 0xb4
                    0x00b6                  IPC9 = 0xb6
                    0x00b6                  _IPC9 = 0xb6
                    0x00b6                  _IPC9bits = 0xb6
                    0x00b8                  IPC10 = 0xb8
                    0x00b8                  _IPC10 = 0xb8
                    0x00b8                  _IPC10bits = 0xb8
                    0x00ba                  IPC11 = 0xba
                    0x00ba                  _IPC11 = 0xba
                    0x00ba                  _IPC11bits = 0xba
                    0x00bc                  IPC12 = 0xbc
                    0x00bc                  _IPC12 = 0xbc
                    0x00bc                  _IPC12bits = 0xbc
                    0x00be                  IPC13 = 0xbe
                    0x00be                  _IPC13 = 0xbe
                    0x00be                  _IPC13bits = 0xbe
                    0x00c0                  IPC14 = 0xc0
                    0x00c0                  _IPC14 = 0xc0
                    0x00c0                  _IPC14bits = 0xc0
                    0x00c2                  IPC15 = 0xc2
                    0x00c2                  _IPC15 = 0xc2
                    0x00c2                  _IPC15bits = 0xc2
                    0x00c4                  IPC16 = 0xc4
                    0x00c4                  _IPC16 = 0xc4
                    0x00c4                  _IPC16bits = 0xc4
                    0x00c8                  IPC18 = 0xc8
                    0x00c8                  _IPC18 = 0xc8
                    0x00c8                  _IPC18bits = 0xc8
                    0x00ca                  IPC19 = 0xca
                    0x00ca                  _IPC19 = 0xca
                    0x00ca                  _IPC19bits = 0xca
                    0x00cc                  IPC20 = 0xcc
                    0x00cc                  _IPC20 = 0xcc
                    0x00cc                  _IPC20bits = 0xcc
                    0x00ce                  IPC21 = 0xce
                    0x00ce                  _IPC21 = 0xce
                    0x00ce                  _IPC21bits = 0xce
                    0x00d0                  IPC22 = 0xd0
                    0x00d0                  _IPC22 = 0xd0
                    0x00d0                  _IPC22bits = 0xd0
                    0x00d2                  IPC23 = 0xd2
                    0x00d2                  _IPC23 = 0xd2
                    0x00d6                  IPC25 = 0xd6
                    0x00d6                  _IPC25 = 0xd6
                    0x00d8                  IPC26 = 0xd8
                    0x00d8                  _IPC26 = 0xd8
                    0x00d8                  _IPC26bits = 0xd8
                    0x00de                  IPC29 = 0xde
                    0x00de                  _IPC29 = 0xde
                    0x00de                  _IPC29bits = 0xde
                    0x00e0                  INTTREG = 0xe0
                    0x00e0                  _INTTREG = 0xe0
                    0x00e0                  _INTTREGbits = 0xe0
                    0x0100                  OSCCON = 0x100
                    0x0100                  _OSCCON = 0x100
                    0x0100                  _OSCCONbits = 0x100
                    0x0100                  OSCCONL = 0x100
                    0x0100                  _OSCCONL = 0x100
                    0x0101                  OSCCONH = 0x101
                    0x0101                  _OSCCONH = 0x101
                    0x0102                  CLKDIV = 0x102
                    0x0102                  _CLKDIV = 0x102
                    0x0102                  _CLKDIVbits = 0x102
                    0x0106                  OSCTUN = 0x106
                    0x0106                  _OSCTUN = 0x106
                    0x0106                  _OSCTUNbits = 0x106
                    0x0108                  RCON = 0x108
                    0x0108                  _RCON = 0x108
                    0x0108                  _RCONbits = 0x108
                    0x010a                  RCON2 = 0x10a
                    0x010a                  _RCON2 = 0x10a
                    0x010a                  _RCON2bits = 0x10a
                    0x010c                  HLVDCON = 0x10c
                    0x010c                  _HLVDCON = 0x10c
                    0x010c                  _HLVDCONbits = 0x10c
                    0x010e                  DSCON = 0x10e
                    0x010e                  _DSCON = 0x10e
                    0x010e                  _DSCONbits = 0x10e
                    0x0110                  DSWAKE = 0x110
                    0x0110                  _DSWAKE = 0x110
                    0x0110                  _DSWAKEbits = 0x110
                    0x0112                  DSGPR0 = 0x112
                    0x0112                  _DSGPR0 = 0x112
                    0x0114                  DSGPR1 = 0x114
                    0x0114                  _DSGPR1 = 0x114
                    0x011e                  ALRMVAL = 0x11e
                    0x011e                  _ALRMVAL = 0x11e
                    0x0120                  ALCFGRPT = 0x120
                    0x0120                  _ALCFGRPT = 0x120
                    0x0120                  _ALCFGRPTbits = 0x120
                    0x0122                  RTCVAL = 0x122
                    0x0122                  _RTCVAL = 0x122
                    0x0124                  RCFGCAL = 0x124
                    0x0124                  _RCFGCAL = 0x124
                    0x0124                  _RCFGCALbits = 0x124
                    0x0126                  RTCPWC = 0x126
                    0x0126                  _RTCPWC = 0x126
                    0x0126                  _RTCPWCbits = 0x126
                    0x0158                  CRCCON1 = 0x158
                    0x0158                  _CRCCON1 = 0x158
                    0x0158                  _CRCCON1bits = 0x158
                    0x015a                  CRCCON2 = 0x15a
                    0x015a                  _CRCCON2 = 0x15a
                    0x015a                  _CRCCON2bits = 0x15a
                    0x015c                  CRCXORL = 0x15c
                    0x015c                  _CRCXORL = 0x15c
                    0x015c                  _CRCXORLbits = 0x15c
                    0x015e                  CRCXORH = 0x15e
                    0x015e                  _CRCXORH = 0x15e
                    0x015e                  _CRCXORHbits = 0x15e
                    0x0160                  CRCDAT = 0x160
                    0x0160                  _CRCDAT = 0x160
                    0x0160                  CRCDATL = 0x160
                    0x0160                  _CRCDATL = 0x160
                    0x0162                  CRCDATH = 0x162
                    0x0162                  _CRCDATH = 0x162
                    0x0164                  CRCWDAT = 0x164
                    0x0164                  _CRCWDAT = 0x164
                    0x0164                  CRCWDATL = 0x164
                    0x0164                  _CRCWDATL = 0x164
                    0x0166                  CRCWDATH = 0x166
                    0x0166                  _CRCWDATH = 0x166
                    0x0168                  REFOCON1 = 0x168
                    0x0168                  _REFOCON1 = 0x168
                    0x0168                  _REFOCON1bits = 0x168
                    0x0168                  REFOCONL = 0x168
                    0x0168                  _REFOCONL = 0x168
                    0x0168                  _REFOCONLbits = 0x168
                    0x016a                  REFOCON2 = 0x16a
                    0x016a                  _REFOCON2 = 0x16a
                    0x016a                  _REFOCON2bits = 0x16a
                    0x016a                  REFOCONH = 0x16a
                    0x016a                  _REFOCONH = 0x16a
                    0x016a                  _REFOCONHbits = 0x16a
                    0x016e                  REFOTRIMH = 0x16e
                    0x016e                  _REFOTRIMH = 0x16e
                    0x016e                  _REFOTRIMHbits = 0x16e
                    0x0170                  PMD1 = 0x170
                    0x0170                  _PMD1 = 0x170
                    0x0170                  _PMD1bits = 0x170
                    0x0172                  PMD2 = 0x172
                    0x0172                  _PMD2 = 0x172
                    0x0172                  _PMD2bits = 0x172
                    0x0174                  PMD3 = 0x174
                    0x0174                  _PMD3 = 0x174
                    0x0174                  _PMD3bits = 0x174
                    0x0176                  PMD4 = 0x176
                    0x0176                  _PMD4 = 0x176
                    0x0176                  _PMD4bits = 0x176
                    0x0178                  PMD5 = 0x178
                    0x0178                  _PMD5 = 0x178
                    0x017a                  PMD6 = 0x17a
                    0x017a                  _PMD6 = 0x17a
                    0x017a                  _PMD6bits = 0x17a
                    0x017c                  PMD7 = 0x17c
                    0x017c                  _PMD7 = 0x17c
                    0x017c                  _PMD7bits = 0x17c
                    0x017e                  PMD8 = 0x17e
                    0x017e                  _PMD8 = 0x17e
                    0x017e                  _PMD8bits = 0x17e
                    0x0180                  TRISA = 0x180
                    0x0180                  _TRISA = 0x180
                    0x0180                  _TRISAbits = 0x180
                    0x0182                  PORTA = 0x182
                    0x0182                  _PORTA = 0x182
                    0x0182                  _PORTAbits = 0x182
                    0x0184                  LATA = 0x184
                    0x0184                  _LATA = 0x184
                    0x0184                  _LATAbits = 0x184
                    0x0186                  ODCA = 0x186
                    0x0186                  _ODCA = 0x186
                    0x0186                  _ODCAbits = 0x186
                    0x0188                  ANSA = 0x188
                    0x0188                  _ANSA = 0x188
                    0x0188                  _ANSAbits = 0x188
                    0x0188                  ANSELA = 0x188
                    0x0188                  _ANSELA = 0x188
                    0x0188                  _ANSELAbits = 0x188
                    0x018a                  TRISB = 0x18a
                    0x018a                  _TRISB = 0x18a
                    0x018a                  _TRISBbits = 0x18a
                    0x018c                  PORTB = 0x18c
                    0x018c                  _PORTB = 0x18c
                    0x018c                  _PORTBbits = 0x18c
                    0x018e                  LATB = 0x18e
                    0x018e                  _LATB = 0x18e
                    0x018e                  _LATBbits = 0x18e
                    0x0190                  ODCB = 0x190
                    0x0190                  _ODCB = 0x190
                    0x0190                  _ODCBbits = 0x190
                    0x0192                  ANSB = 0x192
                    0x0192                  _ANSB = 0x192
                    0x0192                  _ANSBbits = 0x192
                    0x0192                  ANSELB = 0x192
                    0x0192                  _ANSELB = 0x192
                    0x0192                  _ANSELBbits = 0x192
                    0x019e                  ANCFG = 0x19e
                    0x019e                  _ANCFG = 0x19e
                    0x019e                  _ANCFGbits = 0x19e
                    0x01a4                  CRYCON1 = 0x1a4
                    0x01a4                  _CRYCON1 = 0x1a4
                    0x01a4                  _CRYCON1bits = 0x1a4
                    0x01a4                  CRYCONL = 0x1a4
                    0x01a4                  _CRYCONL = 0x1a4
                    0x01a4                  _CRYCONLbits = 0x1a4
                    0x01a6                  CRYCON2 = 0x1a6
                    0x01a6                  _CRYCON2 = 0x1a6
                    0x01a6                  _CRYCON2bits = 0x1a6
                    0x01a6                  CRYCONH = 0x1a6
                    0x01a6                  _CRYCONH = 0x1a6
                    0x01a6                  _CRYCONHbits = 0x1a6
                    0x01a8                  CRYSTAT = 0x1a8
                    0x01a8                  _CRYSTAT = 0x1a8
                    0x01a8                  _CRYSTATbits = 0x1a8
                    0x01ac                  CRYOTP = 0x1ac
                    0x01ac                  _CRYOTP = 0x1ac
                    0x01ac                  _CRYOTPbits = 0x1ac
                    0x01b0                  CRYTXTA = 0x1b0
                    0x01b0                  _CRYTXTA = 0x1b0
                    0x01b0                  CRYTXTA0 = 0x1b0
                    0x01b0                  _CRYTXTA0 = 0x1b0
                    0x01b2                  CRYTXTA1 = 0x1b2
                    0x01b2                  _CRYTXTA1 = 0x1b2
                    0x01b4                  CRYTXTA2 = 0x1b4
                    0x01b4                  _CRYTXTA2 = 0x1b4
                    0x01b6                  CRYTXTA3 = 0x1b6
                    0x01b6                  _CRYTXTA3 = 0x1b6
                    0x01b8                  CRYTXTA4 = 0x1b8
                    0x01b8                  _CRYTXTA4 = 0x1b8
                    0x01ba                  CRYTXTA5 = 0x1ba
                    0x01ba                  _CRYTXTA5 = 0x1ba
                    0x01bc                  CRYTXTA6 = 0x1bc
                    0x01bc                  _CRYTXTA6 = 0x1bc
                    0x01be                  CRYTXTA7 = 0x1be
                    0x01be                  _CRYTXTA7 = 0x1be
                    0x01c0                  CRYKEY = 0x1c0
                    0x01c0                  _CRYKEY = 0x1c0
                    0x01c0                  CRYKEY0 = 0x1c0
                    0x01c0                  _CRYKEY0 = 0x1c0
                    0x01c2                  CRYKEY1 = 0x1c2
                    0x01c2                  _CRYKEY1 = 0x1c2
                    0x01c4                  CRYKEY2 = 0x1c4
                    0x01c4                  _CRYKEY2 = 0x1c4
                    0x01c6                  CRYKEY3 = 0x1c6
                    0x01c6                  _CRYKEY3 = 0x1c6
                    0x01c8                  CRYKEY4 = 0x1c8
                    0x01c8                  _CRYKEY4 = 0x1c8
                    0x01ca                  CRYKEY5 = 0x1ca
                    0x01ca                  _CRYKEY5 = 0x1ca
                    0x01cc                  CRYKEY6 = 0x1cc
                    0x01cc                  _CRYKEY6 = 0x1cc
                    0x01ce                  CRYKEY7 = 0x1ce
                    0x01ce                  _CRYKEY7 = 0x1ce
                    0x01d0                  CRYKEY8 = 0x1d0
                    0x01d0                  _CRYKEY8 = 0x1d0
                    0x01d2                  CRYKEY9 = 0x1d2
                    0x01d2                  _CRYKEY9 = 0x1d2
                    0x01d4                  CRYKEY10 = 0x1d4
                    0x01d4                  _CRYKEY10 = 0x1d4
                    0x01d6                  CRYKEY11 = 0x1d6
                    0x01d6                  _CRYKEY11 = 0x1d6
                    0x01d8                  CRYKEY12 = 0x1d8
                    0x01d8                  _CRYKEY12 = 0x1d8
                    0x01da                  CRYKEY13 = 0x1da
                    0x01da                  _CRYKEY13 = 0x1da
                    0x01dc                  CRYKEY14 = 0x1dc
                    0x01dc                  _CRYKEY14 = 0x1dc
                    0x01de                  CRYKEY15 = 0x1de
                    0x01de                  _CRYKEY15 = 0x1de
                    0x01e0                  CRYTXTB = 0x1e0
                    0x01e0                  _CRYTXTB = 0x1e0
                    0x01e0                  CRYTXTB0 = 0x1e0
                    0x01e0                  _CRYTXTB0 = 0x1e0
                    0x01e2                  CRYTXTB1 = 0x1e2
                    0x01e2                  _CRYTXTB1 = 0x1e2
                    0x01e4                  CRYTXTB2 = 0x1e4
                    0x01e4                  _CRYTXTB2 = 0x1e4
                    0x01e6                  CRYTXTB3 = 0x1e6
                    0x01e6                  _CRYTXTB3 = 0x1e6
                    0x01e8                  CRYTXTB4 = 0x1e8
                    0x01e8                  _CRYTXTB4 = 0x1e8
                    0x01ea                  CRYTXTB5 = 0x1ea
                    0x01ea                  _CRYTXTB5 = 0x1ea
                    0x01ec                  CRYTXTB6 = 0x1ec
                    0x01ec                  _CRYTXTB6 = 0x1ec
                    0x01ee                  CRYTXTB7 = 0x1ee
                    0x01ee                  _CRYTXTB7 = 0x1ee
                    0x01f0                  CRYTXTC = 0x1f0
                    0x01f0                  _CRYTXTC = 0x1f0
                    0x01f0                  CRYTXTC0 = 0x1f0
                    0x01f0                  _CRYTXTC0 = 0x1f0
                    0x01f2                  CRYTXTC1 = 0x1f2
                    0x01f2                  _CRYTXTC1 = 0x1f2
                    0x01f4                  CRYTXTC2 = 0x1f4
                    0x01f4                  _CRYTXTC2 = 0x1f4
                    0x01f6                  CRYTXTC3 = 0x1f6
                    0x01f6                  _CRYTXTC3 = 0x1f6
                    0x01f8                  CRYTXTC4 = 0x1f8
                    0x01f8                  _CRYTXTC4 = 0x1f8
                    0x01fa                  CRYTXTC5 = 0x1fa
                    0x01fa                  _CRYTXTC5 = 0x1fa
                    0x01fc                  CRYTXTC6 = 0x1fc
                    0x01fc                  _CRYTXTC6 = 0x1fc
                    0x01fe                  CRYTXTC7 = 0x1fe
                    0x01fe                  _CRYTXTC7 = 0x1fe
                    0x0200                  ADC1BUF0 = 0x200
                    0x0200                  _ADC1BUF0 = 0x200
                    0x0202                  ADC1BUF1 = 0x202
                    0x0202                  _ADC1BUF1 = 0x202
                    0x0204                  ADC1BUF2 = 0x204
                    0x0204                  _ADC1BUF2 = 0x204
                    0x0206                  ADC1BUF3 = 0x206
                    0x0206                  _ADC1BUF3 = 0x206
                    0x0208                  ADC1BUF4 = 0x208
                    0x0208                  _ADC1BUF4 = 0x208
                    0x020a                  ADC1BUF5 = 0x20a
                    0x020a                  _ADC1BUF5 = 0x20a
                    0x020c                  ADC1BUF6 = 0x20c
                    0x020c                  _ADC1BUF6 = 0x20c
                    0x020e                  ADC1BUF7 = 0x20e
                    0x020e                  _ADC1BUF7 = 0x20e
                    0x0210                  ADC1BUF8 = 0x210
                    0x0210                  _ADC1BUF8 = 0x210
                    0x0212                  ADC1BUF9 = 0x212
                    0x0212                  _ADC1BUF9 = 0x212
                    0x0214                  ADC1BUF10 = 0x214
                    0x0214                  _ADC1BUF10 = 0x214
                    0x0216                  ADC1BUF11 = 0x216
                    0x0216                  _ADC1BUF11 = 0x216
                    0x0218                  ADC1BUF12 = 0x218
                    0x0218                  _ADC1BUF12 = 0x218
                    0x021a                  ADC1BUF13 = 0x21a
                    0x021a                  _ADC1BUF13 = 0x21a
                    0x021c                  ADC1BUF14 = 0x21c